Archive member included to satisfy reference by file (symbol)

/opt/gcc-arm-none-eabi-9-2020-q2/bin/../lib/gcc/arm-none-eabi/9.3.1/../../../../arm-none-eabi/lib/thumb/v6-m/nofp/libstdc++_nano.a(atexit_arm.o)
                              build/text_transform.o (__aeabi_atexit)
/opt/gcc-arm-none-eabi-9-2020-q2/bin/../lib/gcc/arm-none-eabi/9.3.1/../../../../arm-none-eabi/lib/thumb/v6-m/nofp/libstdc++_nano.a(class_type_info.o)
                              build/i2c_scanner.o (vtable for __cxxabiv1::__class_type_info)
/opt/gcc-arm-none-eabi-9-2020-q2/bin/../lib/gcc/arm-none-eabi/9.3.1/../../../../arm-none-eabi/lib/thumb/v6-m/nofp/libstdc++_nano.a(del_op.o)
                              build/main.o (operator delete(void*))
/opt/gcc-arm-none-eabi-9-2020-q2/bin/../lib/gcc/arm-none-eabi/9.3.1/../../../../arm-none-eabi/lib/thumb/v6-m/nofp/libstdc++_nano.a(del_ops.o)
                              build/cli.o (operator delete(void*, unsigned int))
/opt/gcc-arm-none-eabi-9-2020-q2/bin/../lib/gcc/arm-none-eabi/9.3.1/../../../../arm-none-eabi/lib/thumb/v6-m/nofp/libstdc++_nano.a(new_op.o)
                              build/main.o (operator new(unsigned int))
/opt/gcc-arm-none-eabi-9-2020-q2/bin/../lib/gcc/arm-none-eabi/9.3.1/../../../../arm-none-eabi/lib/thumb/v6-m/nofp/libstdc++_nano.a(pure.o)
                              build/application.o (__cxa_pure_virtual)
/opt/gcc-arm-none-eabi-9-2020-q2/bin/../lib/gcc/arm-none-eabi/9.3.1/../../../../arm-none-eabi/lib/thumb/v6-m/nofp/libstdc++_nano.a(si_class_type_info.o)
                              build/i2c_scanner.o (vtable for __cxxabiv1::__si_class_type_info)
/opt/gcc-arm-none-eabi-9-2020-q2/bin/../lib/gcc/arm-none-eabi/9.3.1/../../../../arm-none-eabi/lib/thumb/v6-m/nofp/libstdc++_nano.a(tinfo.o)
                              /opt/gcc-arm-none-eabi-9-2020-q2/bin/../lib/gcc/arm-none-eabi/9.3.1/../../../../arm-none-eabi/lib/thumb/v6-m/nofp/libstdc++_nano.a(class_type_info.o) (std::type_info::~type_info())
/opt/gcc-arm-none-eabi-9-2020-q2/bin/../lib/gcc/arm-none-eabi/9.3.1/../../../../arm-none-eabi/lib/thumb/v6-m/nofp/libstdc++_nano.a(vmi_class_type_info.o)
                              build/KTD2026.o (vtable for __cxxabiv1::__vmi_class_type_info)
/opt/gcc-arm-none-eabi-9-2020-q2/bin/../lib/gcc/arm-none-eabi/9.3.1/../../../../arm-none-eabi/lib/thumb/v6-m/nofp/libstdc++_nano.a(tree.o)
                              build/device.o (std::_Rb_tree_increment(std::_Rb_tree_node_base*))
/opt/gcc-arm-none-eabi-9-2020-q2/bin/../lib/gcc/arm-none-eabi/9.3.1/../../../../arm-none-eabi/lib/thumb/v6-m/nofp/libstdc++_nano.a(functexcept.o)
                              build/cli.o (std::__throw_bad_alloc())
/opt/gcc-arm-none-eabi-9-2020-q2/bin/../lib/gcc/arm-none-eabi/9.3.1/../../../../arm-none-eabi/lib/thumb/v6-m/nofp/libstdc++_nano.a(functional.o)
                              build/mcu.o (std::__throw_bad_function_call())
/opt/gcc-arm-none-eabi-9-2020-q2/bin/../lib/gcc/arm-none-eabi/9.3.1/../../../../arm-none-eabi/lib/thumb/v6-m/nofp/libstdc++_nano.a(snprintf_lite.o)
                              /opt/gcc-arm-none-eabi-9-2020-q2/bin/../lib/gcc/arm-none-eabi/9.3.1/../../../../arm-none-eabi/lib/thumb/v6-m/nofp/libstdc++_nano.a(functexcept.o) (__gnu_cxx::__snprintf_lite(char*, unsigned int, char const*, std::__va_list))
/opt/gcc-arm-none-eabi-9-2020-q2/bin/../lib/gcc/arm-none-eabi/9.3.1/../../../../arm-none-eabi/lib/thumb/v6-m/nofp/libstdc++_nano.a(string-inst.o)
                              build/main.o (std::__cxx11::basic_string<char, std::char_traits<char>, std::allocator<char> >::_M_create(unsigned int&, unsigned int))
/opt/gcc-arm-none-eabi-9-2020-q2/bin/../lib/gcc/arm-none-eabi/9.3.1/../../../../arm-none-eabi/lib/thumb/v6-m/nofp/libstdc++_nano.a(eh_exception.o)
                              /opt/gcc-arm-none-eabi-9-2020-q2/bin/../lib/gcc/arm-none-eabi/9.3.1/../../../../arm-none-eabi/lib/thumb/v6-m/nofp/libstdc++_nano.a(functional.o) (std::exception::~exception())
/opt/gcc-arm-none-eabi-9-2020-q2/bin/../lib/gcc/arm-none-eabi/9.3.1/../../../../arm-none-eabi/lib/thumb/v6-m/nofp/libstdc++_nano.a(eh_terminate.o)
                              /opt/gcc-arm-none-eabi-9-2020-q2/bin/../lib/gcc/arm-none-eabi/9.3.1/../../../../arm-none-eabi/lib/thumb/v6-m/nofp/libstdc++_nano.a(pure.o) (std::terminate())
/opt/gcc-arm-none-eabi-9-2020-q2/bin/../lib/gcc/arm-none-eabi/9.3.1/../../../../arm-none-eabi/lib/thumb/v6-m/nofp/libstdc++_nano.a(eh_unex_handler.o)
                              /opt/gcc-arm-none-eabi-9-2020-q2/bin/../lib/gcc/arm-none-eabi/9.3.1/../../../../arm-none-eabi/lib/thumb/v6-m/nofp/libstdc++_nano.a(eh_terminate.o) (__cxxabiv1::__unexpected_handler)
/opt/gcc-arm-none-eabi-9-2020-q2/bin/../lib/gcc/arm-none-eabi/9.3.1/../../../../arm-none-eabi/lib/thumb/v6-m/nofp/libstdc++_nano.a(new_handler.o)
[...]
Memory Configuration

Name             Origin             Length             Attributes
RAM              0x0000000020000000 0x0000000000009000 xrw
FLASH            0x0000000008000000 0x0000000000020000 xr
*default*        0x0000000000000000 0xffffffffffffffff

Linker script and memory map

LOAD /opt/gcc-arm-none-eabi-9-2020-q2/bin/../lib/gcc/arm-none-eabi/9.3.1/thumb/v6-m/nofp/crti.o
LOAD /opt/gcc-arm-none-eabi-9-2020-q2/bin/../lib/gcc/arm-none-eabi/9.3.1/thumb/v6-m/nofp/crtbegin.o
LOAD /opt/gcc-arm-none-eabi-9-2020-q2/bin/../lib/gcc/arm-none-eabi/9.3.1/../../../../arm-none-eabi/lib/thumb/v6-m/nofp/crt0.o
LOAD build/main.o
LOAD build/stm32g0xx_it.o
LOAD build/stm32g0xx_hal_msp.o
LOAD build/stm32g0xx_hal_tim.o
LOAD build/stm32g0xx_hal_tim_ex.o
LOAD build/stm32g0xx_hal_rcc.o
LOAD build/stm32g0xx_hal_rcc_ex.o
LOAD build/stm32g0xx_ll_rcc.o
LOAD build/stm32g0xx_hal_flash.o
LOAD build/stm32g0xx_hal_flash_ex.o
LOAD build/stm32g0xx_hal_gpio.o
LOAD build/stm32g0xx_hal_dma.o
LOAD build/stm32g0xx_hal_dma_ex.o
LOAD build/stm32g0xx_ll_dma.o
LOAD build/stm32g0xx_hal_pwr.o
LOAD build/stm32g0xx_hal_pwr_ex.o
LOAD build/stm32g0xx_hal_cortex.o
LOAD build/stm32g0xx_hal.o
LOAD build/stm32g0xx_hal_exti.o
LOAD build/system_stm32g0xx.o
LOAD build/stm32g0xx_hal_adc.o
LOAD build/stm32g0xx_hal_adc_ex.o
LOAD build/stm32g0xx_ll_adc.o
LOAD build/stm32g0xx_hal_i2c.o
LOAD build/stm32g0xx_hal_i2c_ex.o
LOAD build/stm32g0xx_hal_uart.o
LOAD build/stm32g0xx_hal_uart_ex.o
LOAD build/i2c_scanner.o
LOAD build/bus_device.o
LOAD build/cli.o
LOAD build/command.o
LOAD build/history.o
LOAD build/application.o
LOAD build/component.o
LOAD build/device.o
LOAD build/planner.o
LOAD build/planner_phase.o
LOAD build/directory.o
LOAD build/entry.o
LOAD build/executable.o
LOAD build/file.o
LOAD build/filesystem.o
LOAD build/global_includes.o
LOAD build/globals.o
LOAD build/pin.o
LOAD build/pin_irq.o
LOAD build/irq_handler.o
LOAD build/irq_multi_handler.o
LOAD build/irq_observer.o
LOAD build/i2c_device.o
LOAD build/i2c_master.o
LOAD build/KTD2026.o
LOAD build/config.o
LOAD build/externs.o
LOAD build/settings.o
LOAD build/mcu.o
LOAD build/invocation_wrapper.o
LOAD build/text_transform.o
LOAD build/timer.o
LOAD build/TIM_channel.o
LOAD build/serial_line.o
LOAD build/uart.o
LOAD build/startup_stm32g071xx.o
LOAD /opt/gcc-arm-none-eabi-9-2020-q2/bin/../lib/gcc/arm-none-eabi/9.3.1/../../../../arm-none-eabi/lib/thumb/v6-m/nofp/libnosys.a
LOAD /opt/gcc-arm-none-eabi-9-2020-q2/bin/../lib/gcc/arm-none-eabi/9.3.1/../../../../arm-none-eabi/lib/thumb/v6-m/nofp/libstdc++_nano.a
LOAD /opt/gcc-arm-none-eabi-9-2020-q2/bin/../lib/gcc/arm-none-eabi/9.3.1/../../../../arm-none-eabi/lib/thumb/v6-m/nofp/libm.a
LOAD /opt/gcc-arm-none-eabi-9-2020-q2/bin/../lib/gcc/arm-none-eabi/9.3.1/../../../../arm-none-eabi/lib/thumb/v6-m/nofp/libc_nano.a
START GROUP
LOAD /opt/gcc-arm-none-eabi-9-2020-q2/bin/../lib/gcc/arm-none-eabi/9.3.1/thumb/v6-m/nofp/libgcc.a
LOAD /opt/gcc-arm-none-eabi-9-2020-q2/bin/../lib/gcc/arm-none-eabi/9.3.1/../../../../arm-none-eabi/lib/thumb/v6-m/nofp/libc_nano.a
END GROUP
START GROUP
LOAD /opt/gcc-arm-none-eabi-9-2020-q2/bin/../lib/gcc/arm-none-eabi/9.3.1/thumb/v6-m/nofp/libgcc.a
LOAD /opt/gcc-arm-none-eabi-9-2020-q2/bin/../lib/gcc/arm-none-eabi/9.3.1/../../../../arm-none-eabi/lib/thumb/v6-m/nofp/libc_nano.a
LOAD /opt/gcc-arm-none-eabi-9-2020-q2/bin/../lib/gcc/arm-none-eabi/9.3.1/../../../../arm-none-eabi/lib/thumb/v6-m/nofp/libnosys.a
END GROUP
START GROUP
LOAD /opt/gcc-arm-none-eabi-9-2020-q2/bin/../lib/gcc/arm-none-eabi/9.3.1/thumb/v6-m/nofp/libgcc.a
LOAD /opt/gcc-arm-none-eabi-9-2020-q2/bin/../lib/gcc/arm-none-eabi/9.3.1/../../../../arm-none-eabi/lib/thumb/v6-m/nofp/libc_nano.a
LOAD /opt/gcc-arm-none-eabi-9-2020-q2/bin/../lib/gcc/arm-none-eabi/9.3.1/../../../../arm-none-eabi/lib/thumb/v6-m/nofp/libnosys.a
END GROUP
LOAD /opt/gcc-arm-none-eabi-9-2020-q2/bin/../lib/gcc/arm-none-eabi/9.3.1/thumb/v6-m/nofp/crtend.o
LOAD /opt/gcc-arm-none-eabi-9-2020-q2/bin/../lib/gcc/arm-none-eabi/9.3.1/thumb/v6-m/nofp/crtn.o
                0x0000000020009000                _estack = 0x20009000
                0x0000000000000200                _Min_Heap_Size = 0x200
                0x0000000000000400                _Min_Stack_Size = 0x400

.isr_vector     0x0000000008000000       0xbc
                0x0000000008000000                . = ALIGN (0x4)
 *(.isr_vector)
 .isr_vector    0x0000000008000000       0xbc build/startup_stm32g071xx.o
                0x0000000008000000                g_pfnVectors
                0x00000000080000bc                . = ALIGN (0x4)

.text           0x00000000080000bc    0x105e0
                0x00000000080000bc                . = ALIGN (0x4)
 *(.text)
 .text          0x00000000080000bc       0x48 /opt/gcc-arm-none-eabi-9-2020-q2/bin/../lib/gcc/arm-none-eabi/9.3.1/thumb/v6-m/nofp/crtbegin.o
 .text          0x0000000008000104       0x14 /opt/gcc-arm-none-eabi-9-2020-q2/bin/../lib/gcc/arm-none-eabi/9.3.1/../../../../arm-none-eabi/lib/thumb/v6-m/nofp/libc_nano.a(lib_a-strcmp.o)
                0x0000000008000104                strcmp
 .text          0x0000000008000118        0xe /opt/gcc-arm-none-eabi-9-2020-q2/bin/../lib/gcc/arm-none-eabi/9.3.1/../../../../arm-none-eabi/lib/thumb/v6-m/nofp/libc_nano.a(lib_a-strlen.o)
                0x0000000008000118                strlen
 *fill*         0x0000000008000126        0x2 
 .text          0x0000000008000128       0x14 /opt/gcc-arm-none-eabi-9-2020-q2/bin/../lib/gcc/arm-none-eabi/9.3.1/thumb/v6-m/nofp/libgcc.a(_thumb1_case_uqi.o)
                0x0000000008000128                __gnu_thumb1_case_uqi
 .text          0x000000000800013c       0x14 /opt/gcc-arm-none-eabi-9-2020-q2/bin/../lib/gcc/arm-none-eabi/9.3.1/thumb/v6-m/nofp/libgcc.a(_thumb1_case_shi.o)
                0x000000000800013c                __gnu_thumb1_case_shi
 .text          0x0000000008000150      0x114 /opt/gcc-arm-none-eabi-9-2020-q2/bin/../lib/gcc/arm-none-eabi/9.3.1/thumb/v6-m/nofp/libgcc.a(_udivsi3.o)
                0x0000000008000150                __udivsi3
                0x0000000008000150                __aeabi_uidiv
                0x000000000800025c                __aeabi_uidivmod
 .text          0x0000000008000264      0x1d4 /opt/gcc-arm-none-eabi-9-2020-q2/bin/../lib/gcc/arm-none-eabi/9.3.1/thumb/v6-m/nofp/libgcc.a(_divsi3.o)
                0x0000000008000264                __aeabi_idiv
                0x0000000008000264                __divsi3
                0x0000000008000430                __aeabi_idivmod
 .text          0x0000000008000438        0x4 /opt/gcc-arm-none-eabi-9-2020-q2/bin/../lib/gcc/arm-none-eabi/9.3.1/thumb/v6-m/nofp/libgcc.a(_dvmd_tls.o)
                0x0000000008000438                __aeabi_ldiv0
                0x0000000008000438                __aeabi_idiv0
 .text          0x000000000800043c       0x7c /opt/gcc-arm-none-eabi-9-2020-q2/bin/../lib/gcc/arm-none-eabi/9.3.1/thumb/v6-m/nofp/libgcc.a(_arm_cmpdf2.o)
                0x000000000800043c                __aeabi_cdrcmple
                0x000000000800044c                __aeabi_cdcmple
                0x000000000800044c                __aeabi_cdcmpeq
                0x000000000800045c                __aeabi_dcmpeq
                0x0000000008000468                __aeabi_dcmplt
                0x000000000800047c                __aeabi_dcmple
                0x0000000008000490                __aeabi_dcmpgt
                0x00000000080004a4                __aeabi_dcmpge
 .text          0x00000000080004b8       0x40 /opt/gcc-arm-none-eabi-9-2020-q2/bin/../lib/gcc/arm-none-eabi/9.3.1/thumb/v6-m/nofp/libgcc.a(_aeabi_uldivmod.o)
                0x00000000080004b8                __aeabi_uldivmod
 .text          0x00000000080004f8      0x198 /opt/gcc-arm-none-eabi-9-2020-q2/bin/../lib/gcc/arm-none-eabi/9.3.1/thumb/v6-m/nofp/libgcc.a(_udivmoddi4.o)
                0x00000000080004f8                __udivmoddi4
 .text          0x0000000008000690      0x6d4 /opt/gcc-arm-none-eabi-9-2020-q2/bin/../lib/gcc/arm-none-eabi/9.3.1/thumb/v6-m/nofp/libgcc.a(adddf3.o)
                0x0000000008000690                __aeabi_dadd
 .text          0x0000000008000d64      0x5d0 /opt/gcc-arm-none-eabi-9-2020-q2/bin/../lib/gcc/arm-none-eabi/9.3.1/thumb/v6-m/nofp/libgcc.a(divdf3.o)
                0x0000000008000d64                __aeabi_ddiv
 .text          0x0000000008001334       0x78 /opt/gcc-arm-none-eabi-9-2020-q2/bin/../lib/gcc/arm-none-eabi/9.3.1/thumb/v6-m/nofp/libgcc.a(eqdf2.o)
                0x0000000008001334                __eqdf2
                0x0000000008001334                __nedf2
 .text          0x00000000080013ac       0xe4 /opt/gcc-arm-none-eabi-9-2020-q2/bin/../lib/gcc/arm-none-eabi/9.3.1/thumb/v6-m/nofp/libgcc.a(gedf2.o)
                0x00000000080013ac                __gtdf2
                0x00000000080013ac                __gedf2
 .text          0x0000000008001490       0xe0 /opt/gcc-arm-none-eabi-9-2020-q2/bin/../lib/gcc/arm-none-eabi/9.3.1/thumb/v6-m/nofp/libgcc.a(ledf2.o)
                0x0000000008001490                __ltdf2
                0x0000000008001490                __ledf2
 .text          0x0000000008001570      0x4d8 /opt/gcc-arm-none-eabi-9-2020-q2/bin/../lib/gcc/arm-none-eabi/9.3.1/thumb/v6-m/nofp/libgcc.a(muldf3.o)
                0x0000000008001570                __aeabi_dmul
 .text          0x0000000008001a48      0x724 /opt/gcc-arm-none-eabi-9-2020-q2/bin/../lib/gcc/arm-none-eabi/9.3.1/thumb/v6-m/nofp/libgcc.a(subdf3.o)
                0x0000000008001a48                __aeabi_dsub
 .text          0x000000000800216c       0x3c /opt/gcc-arm-none-eabi-9-2020-q2/bin/../lib/gcc/arm-none-eabi/9.3.1/thumb/v6-m/nofp/libgcc.a(unorddf2.o)
                0x000000000800216c                __aeabi_dcmpun
 .text          0x00000000080021a8       0x6c /opt/gcc-arm-none-eabi-9-2020-q2/bin/../lib/gcc/arm-none-eabi/9.3.1/thumb/v6-m/nofp/libgcc.a(fixdfsi.o)
                0x00000000080021a8                __aeabi_d2iz
 .text          0x0000000008002214       0x60 /opt/gcc-arm-none-eabi-9-2020-q2/bin/../lib/gcc/arm-none-eabi/9.3.1/thumb/v6-m/nofp/libgcc.a(floatsidf.o)
                0x0000000008002214                __aeabi_i2d
 .text          0x0000000008002274       0x4c /opt/gcc-arm-none-eabi-9-2020-q2/bin/../lib/gcc/arm-none-eabi/9.3.1/thumb/v6-m/nofp/libgcc.a(floatunsidf.o)
                0x0000000008002274                __aeabi_ui2d
 .text          0x00000000080022c0       0x3c /opt/gcc-arm-none-eabi-9-2020-q2/bin/../lib/gcc/arm-none-eabi/9.3.1/thumb/v6-m/nofp/libgcc.a(_clzsi2.o)
                0x00000000080022c0                __clzsi2
 .text          0x00000000080022fc       0x18 /opt/gcc-arm-none-eabi-9-2020-q2/bin/../lib/gcc/arm-none-eabi/9.3.1/thumb/v6-m/nofp/libgcc.a(_clzdi2.o)
                0x00000000080022fc                __clzdi2
 *(.text*)
 .text._ZL12MX_GPIO_Initv
                0x0000000008002314       0xdc build/main.o
 .text.Error_Handler
                0x00000000080023f0        0x4 build/main.o
                0x00000000080023f0                Error_Handler
 .text._ZL12MX_I2C1_Initv
                0x00000000080023f4       0x58 build/main.o
 .text._ZL19MX_USART2_UART_Initv
                0x000000000800244c       0x68 build/main.o
 .text._ZL19MX_USART3_UART_Initv
                0x00000000080024b4       0x3c build/main.o
 .text._ZL12MX_ADC1_Initv
                0x00000000080024f0       0x80 build/main.o
 .text._ZL12MX_TIM2_Initv
                0x0000000008002570       0x70 build/main.o
 .text._Z18SystemClock_Configv
                0x00000000080025e0       0xa8 build/main.o
                0x00000000080025e0                SystemClock_Config()
 .text._ZNSt7__cxx1112basic_stringIcSt11char_traitsIcESaIcEE12_M_constructIPKcEEvT_S8_St20forward_iterator_tag
                0x0000000008002688       0x5c build/main.o
                0x0000000008002688                void std::__cxx11::basic_string<char, std::char_traits<char>, std::allocator<char> >::_M_construct<char const*>(char const*, char const*, std::forward_iterator_tag)
 .text.main     0x00000000080026e4       0xe0 build/main.o
                0x00000000080026e4                main
 .text.NMI_Handler
                0x00000000080027c4        0x2 build/stm32g0xx_it.o
                0x00000000080027c4                NMI_Handler
 .text.HardFault_Handler
                0x00000000080027c6        0x2 build/stm32g0xx_it.o
                0x00000000080027c6                HardFault_Handler
 .text.SVC_Handler
                0x00000000080027c8        0x2 build/stm32g0xx_it.o
                0x00000000080027c8                SVC_Handler
 .text.PendSV_Handler
                0x00000000080027ca        0x2 build/stm32g0xx_it.o
                0x00000000080027ca                PendSV_Handler
 .text.SysTick_Handler
                0x00000000080027cc        0x8 build/stm32g0xx_it.o
                0x00000000080027cc                SysTick_Handler
 .text.USART2_IRQHandler
                0x00000000080027d4       0x10 build/stm32g0xx_it.o
                0x00000000080027d4                USART2_IRQHandler
 .text.USART3_4_LPUART1_IRQHandler
                0x00000000080027e4       0x10 build/stm32g0xx_it.o
                0x00000000080027e4                USART3_4_LPUART1_IRQHandler
 .text.HAL_MspInit
                0x00000000080027f4       0x38 build/stm32g0xx_hal_msp.o
                0x00000000080027f4                HAL_MspInit
 .text.HAL_ADC_MspInit
                0x000000000800282c       0x84 build/stm32g0xx_hal_msp.o
                0x000000000800282c                HAL_ADC_MspInit
 .text.HAL_I2C_MspInit
                0x00000000080028b0       0x6c build/stm32g0xx_hal_msp.o
                0x00000000080028b0                HAL_I2C_MspInit
 .text.HAL_TIM_Base_MspInit
                0x000000000800291c       0x28 build/stm32g0xx_hal_msp.o
                0x000000000800291c                HAL_TIM_Base_MspInit
 .text.HAL_UART_MspInit
                0x0000000008002944       0xf4 build/stm32g0xx_hal_msp.o
                0x0000000008002944                HAL_UART_MspInit
 .text.TIM_TI1_ConfigInputStage
                0x0000000008002a38       0x22 build/stm32g0xx_hal_tim.o
 *fill*         0x0000000008002a5a        0x2 
 .text.TIM_TI2_ConfigInputStage
                0x0000000008002a5c       0x28 build/stm32g0xx_hal_tim.o
 .text.TIM_ITRx_SetConfig
                0x0000000008002a84       0x14 build/stm32g0xx_hal_tim.o
 .text.TIM_Base_SetConfig
                0x0000000008002a98       0xa4 build/stm32g0xx_hal_tim.o
                0x0000000008002a98                TIM_Base_SetConfig
 .text.HAL_TIM_Base_Init
                0x0000000008002b3c       0x60 build/stm32g0xx_hal_tim.o
                0x0000000008002b3c                HAL_TIM_Base_Init
 .text.TIM_ETR_SetConfig
                0x0000000008002b9c       0x18 build/stm32g0xx_hal_tim.o
                0x0000000008002b9c                TIM_ETR_SetConfig
 .text.HAL_TIM_ConfigClockSource
                0x0000000008002bb4       0xe4 build/stm32g0xx_hal_tim.o
                0x0000000008002bb4                HAL_TIM_ConfigClockSource
 .text.HAL_TIMEx_MasterConfigSynchronization
                0x0000000008002c98       0x80 build/stm32g0xx_hal_tim_ex.o
                0x0000000008002c98                HAL_TIMEx_MasterConfigSynchronization
 .text.HAL_RCC_OscConfig
                0x0000000008002d18      0x4c0 build/stm32g0xx_hal_rcc.o
                0x0000000008002d18                HAL_RCC_OscConfig
 .text.HAL_RCC_GetSysClockFreq
                0x00000000080031d8       0xb8 build/stm32g0xx_hal_rcc.o
                0x00000000080031d8                HAL_RCC_GetSysClockFreq
 .text.HAL_RCC_ClockConfig
                0x0000000008003290      0x18c build/stm32g0xx_hal_rcc.o
                0x0000000008003290                HAL_RCC_ClockConfig
 .text.HAL_RCC_GetHCLKFreq
                0x000000000800341c        0xc build/stm32g0xx_hal_rcc.o
                0x000000000800341c                HAL_RCC_GetHCLKFreq
 .text.HAL_RCC_GetPCLK1Freq
                0x0000000008003428       0x28 build/stm32g0xx_hal_rcc.o
                0x0000000008003428                HAL_RCC_GetPCLK1Freq
 .text.HAL_RCCEx_PeriphCLKConfig
                0x0000000008003450      0x248 build/stm32g0xx_hal_rcc_ex.o
                0x0000000008003450                HAL_RCCEx_PeriphCLKConfig
 .text.HAL_GPIO_Init
                0x0000000008003698      0x17c build/stm32g0xx_hal_gpio.o
                0x0000000008003698                HAL_GPIO_Init
 .text.HAL_GPIO_ReadPin
                0x0000000008003814        0xe build/stm32g0xx_hal_gpio.o
                0x0000000008003814                HAL_GPIO_ReadPin
 .text.HAL_GPIO_WritePin
                0x0000000008003822        0xc build/stm32g0xx_hal_gpio.o
                0x0000000008003822                HAL_GPIO_WritePin
 .text.HAL_GPIO_TogglePin
                0x000000000800382e       0x10 build/stm32g0xx_hal_gpio.o
                0x000000000800382e                HAL_GPIO_TogglePin
 *fill*         0x000000000800383e        0x2 
 .text.HAL_DMA_Abort
                0x0000000008003840       0x80 build/stm32g0xx_hal_dma.o
                0x0000000008003840                HAL_DMA_Abort
 .text.HAL_DMA_Abort_IT
                0x00000000080038c0       0x80 build/stm32g0xx_hal_dma.o
                0x00000000080038c0                HAL_DMA_Abort_IT
 .text.HAL_PWREx_ControlVoltageScaling
                0x0000000008003940       0x54 build/stm32g0xx_hal_pwr_ex.o
                0x0000000008003940                HAL_PWREx_ControlVoltageScaling
 .text.HAL_NVIC_SetPriority
                0x0000000008003994       0x60 build/stm32g0xx_hal_cortex.o
                0x0000000008003994                HAL_NVIC_SetPriority
 .text.HAL_NVIC_EnableIRQ
                0x00000000080039f4       0x18 build/stm32g0xx_hal_cortex.o
                0x00000000080039f4                HAL_NVIC_EnableIRQ
 .text.HAL_SYSTICK_Config
                0x0000000008003a0c       0x38 build/stm32g0xx_hal_cortex.o
                0x0000000008003a0c                HAL_SYSTICK_Config
 .text.HAL_InitTick
                0x0000000008003a44       0x58 build/stm32g0xx_hal.o
                0x0000000008003a44                HAL_InitTick
 .text.HAL_Init
                0x0000000008003a9c       0x28 build/stm32g0xx_hal.o
                0x0000000008003a9c                HAL_Init
 .text.HAL_IncTick
                0x0000000008003ac4       0x18 build/stm32g0xx_hal.o
                0x0000000008003ac4                HAL_IncTick
 .text.HAL_GetTick
                0x0000000008003adc        0xc build/stm32g0xx_hal.o
                0x0000000008003adc                HAL_GetTick
 .text.HAL_Delay
                0x0000000008003ae8       0x24 build/stm32g0xx_hal.o
                0x0000000008003ae8                HAL_Delay
 .text.HAL_SYSCFG_StrobeDBattpinsConfig
                0x0000000008003b0c       0x18 build/stm32g0xx_hal.o
                0x0000000008003b0c                HAL_SYSCFG_StrobeDBattpinsConfig
 .text.SystemInit
                0x0000000008003b24       0x10 build/system_stm32g0xx.o
                0x0000000008003b24                SystemInit
 .text.HAL_ADC_Init
                0x0000000008003b34      0x284 build/stm32g0xx_hal_adc.o
                0x0000000008003b34                HAL_ADC_Init
 .text.HAL_ADC_ConfigChannel
                0x0000000008003db8      0x2a0 build/stm32g0xx_hal_adc.o
                0x0000000008003db8                HAL_ADC_ConfigChannel
 .text.I2C_Flush_TXDR
                0x0000000008004058       0x1e build/stm32g0xx_hal_i2c.o
 *fill*         0x0000000008004076        0x2 
 .text.I2C_TransferConfig
                0x0000000008004078       0x2c build/stm32g0xx_hal_i2c.o
 .text.I2C_IsAcknowledgeFailed
                0x00000000080040a4       0x80 build/stm32g0xx_hal_i2c.o
 .text.I2C_WaitOnTXISFlagUntilTimeout
                0x0000000008004124       0x52 build/stm32g0xx_hal_i2c.o
 .text.I2C_WaitOnFlagUntilTimeout
                0x0000000008004176       0x54 build/stm32g0xx_hal_i2c.o
 .text.I2C_WaitOnSTOPFlagUntilTimeout
                0x00000000080041ca       0x4e build/stm32g0xx_hal_i2c.o
 .text.I2C_WaitOnRXNEFlagUntilTimeout
                0x0000000008004218       0x84 build/stm32g0xx_hal_i2c.o
 .text.HAL_I2C_Init
                0x000000000800429c       0xcc build/stm32g0xx_hal_i2c.o
                0x000000000800429c                HAL_I2C_Init
 .text.HAL_I2C_Master_Transmit
                0x0000000008004368      0x174 build/stm32g0xx_hal_i2c.o
                0x0000000008004368                HAL_I2C_Master_Transmit
 .text.HAL_I2C_Master_Receive
                0x00000000080044dc      0x174 build/stm32g0xx_hal_i2c.o
                0x00000000080044dc                HAL_I2C_Master_Receive
 .text.HAL_I2C_IsDeviceReady
                0x0000000008004650      0x18c build/stm32g0xx_hal_i2c.o
                0x0000000008004650                HAL_I2C_IsDeviceReady
 .text.HAL_I2CEx_ConfigAnalogFilter
                0x00000000080047dc       0x58 build/stm32g0xx_hal_i2c_ex.o
                0x00000000080047dc                HAL_I2CEx_ConfigAnalogFilter
 .text.HAL_I2CEx_ConfigDigitalFilter
                0x0000000008004834       0x54 build/stm32g0xx_hal_i2c_ex.o
                0x0000000008004834                HAL_I2CEx_ConfigDigitalFilter
 .text.UART_EndRxTransfer
                0x0000000008004888       0x3c build/stm32g0xx_hal_uart.o
 .text.UART_TxISR_8BIT
                0x00000000080048c4       0x44 build/stm32g0xx_hal_uart.o
 .text.UART_TxISR_16BIT
                0x0000000008004908       0x48 build/stm32g0xx_hal_uart.o
 .text.UART_TxISR_8BIT_FIFOEN
                0x0000000008004950       0x5c build/stm32g0xx_hal_uart.o
 .text.UART_TxISR_16BIT_FIFOEN
                0x00000000080049ac       0x60 build/stm32g0xx_hal_uart.o
 .text.HAL_UART_Transmit_IT
                0x0000000008004a0c       0xd0 build/stm32g0xx_hal_uart.o
                0x0000000008004a0c                HAL_UART_Transmit_IT
 .text.UART_EndTransmit_IT
                0x0000000008004adc       0x1c build/stm32g0xx_hal_uart.o
 .text.HAL_UART_ErrorCallback
                0x0000000008004af8        0x2 build/stm32g0xx_hal_uart.o
                0x0000000008004af8                HAL_UART_ErrorCallback
 .text.UART_DMAAbortOnError
                0x0000000008004afa       0x14 build/stm32g0xx_hal_uart.o
 .text.HAL_UARTEx_RxEventCallback
                0x0000000008004b0e        0x2 build/stm32g0xx_hal_uart.o
                0x0000000008004b0e                HAL_UARTEx_RxEventCallback
 .text.HAL_UART_IRQHandler
                0x0000000008004b10      0x2a4 build/stm32g0xx_hal_uart.o
                0x0000000008004b10                HAL_UART_IRQHandler
 .text.UART_RxISR_8BIT
                0x0000000008004db4       0x88 build/stm32g0xx_hal_uart.o
 .text.UART_RxISR_16BIT
                0x0000000008004e3c       0x88 build/stm32g0xx_hal_uart.o
 .text.UART_RxISR_8BIT_FIFOEN
                0x0000000008004ec4      0x154 build/stm32g0xx_hal_uart.o
 .text.UART_RxISR_16BIT_FIFOEN
                0x0000000008005018      0x154 build/stm32g0xx_hal_uart.o
 .text.UART_SetConfig
                0x000000000800516c      0x300 build/stm32g0xx_hal_uart.o
                0x000000000800516c                UART_SetConfig
 .text.UART_AdvFeatureConfig
                0x000000000800546c       0xe0 build/stm32g0xx_hal_uart.o
                0x000000000800546c                UART_AdvFeatureConfig
 .text.UART_WaitOnFlagUntilTimeout
                0x000000000800554c       0xb8 build/stm32g0xx_hal_uart.o
                0x000000000800554c                UART_WaitOnFlagUntilTimeout
 .text.UART_CheckIdleState
                0x0000000008005604       0x74 build/stm32g0xx_hal_uart.o
                0x0000000008005604                UART_CheckIdleState
 .text.HAL_UART_Init
                0x0000000008005678       0x70 build/stm32g0xx_hal_uart.o
                0x0000000008005678                HAL_UART_Init
 .text.UART_Start_Receive_IT
                0x00000000080056e8      0x110 build/stm32g0xx_hal_uart.o
                0x00000000080056e8                UART_Start_Receive_IT
 .text.HAL_UART_Receive_IT
                0x00000000080057f8       0x52 build/stm32g0xx_hal_uart.o
                0x00000000080057f8                HAL_UART_Receive_IT
 *fill*         0x000000000800584a        0x2 
 .text.UARTEx_SetNbDataToProcess
                0x000000000800584c       0x68 build/stm32g0xx_hal_uart_ex.o
 .text.HAL_UARTEx_WakeupCallback
                0x00000000080058b4        0x2 build/stm32g0xx_hal_uart_ex.o
                0x00000000080058b4                HAL_UARTEx_WakeupCallback
 .text.HAL_UARTEx_RxFifoFullCallback
                0x00000000080058b6        0x2 build/stm32g0xx_hal_uart_ex.o
                0x00000000080058b6                HAL_UARTEx_RxFifoFullCallback
 .text.HAL_UARTEx_TxFifoEmptyCallback
                0x00000000080058b8        0x2 build/stm32g0xx_hal_uart_ex.o
                0x00000000080058b8                HAL_UARTEx_TxFifoEmptyCallback
 *fill*         0x00000000080058ba        0x2 
 .text.HAL_UARTEx_DisableFifoMode
                0x00000000080058bc       0x40 build/stm32g0xx_hal_uart_ex.o
                0x00000000080058bc                HAL_UARTEx_DisableFifoMode
 .text.HAL_UARTEx_SetTxFifoThreshold
                0x00000000080058fc       0x4a build/stm32g0xx_hal_uart_ex.o
                0x00000000080058fc                HAL_UARTEx_SetTxFifoThreshold
 *fill*         0x0000000008005946        0x2 
 .text.HAL_UARTEx_SetRxFifoThreshold
                0x0000000008005948       0x50 build/stm32g0xx_hal_uart_ex.o
                0x0000000008005948                HAL_UARTEx_SetRxFifoThreshold
 .text._ZN11I2C_scanner4InitEv
                0x0000000008005998        0x4 build/i2c_scanner.o
                0x0000000008005998                I2C_scanner::Init()
 .text._ZN11I2C_scanner10Input_loadENSt7__cxx1112basic_stringIcSt11char_traitsIcESaIcEEE
                0x000000000800599c        0x4 build/i2c_scanner.o
                0x000000000800599c                I2C_scanner::Input_load(std::__cxx11::basic_string<char, std::char_traits<char>, std::allocator<char> >)
 .text._ZN11I2C_scannerC2EP10I2C_master
                0x00000000080059a0       0x44 build/i2c_scanner.o
                0x00000000080059a0                I2C_scanner::I2C_scanner(I2C_master*)
                0x00000000080059a0                I2C_scanner::I2C_scanner(I2C_master*)
 .text._ZNSt7__cxx1112basic_stringIcSt11char_traitsIcESaIcEE12_M_constructIPcEEvT_S7_St20forward_iterator_tag
                0x00000000080059e4       0x5c build/i2c_scanner.o
                0x00000000080059e4                void std::__cxx11::basic_string<char, std::char_traits<char>, std::allocator<char> >::_M_construct<char*>(char*, char*, std::forward_iterator_tag)
 .text._ZN9__gnu_cxx12__to_xstringINSt7__cxx1112basic_stringIcSt11char_traitsIcESaIcEEEcEET_PFiPT0_jPKS8_St9__va_listEjSB_z
                0x0000000008005a40       0x46 build/i2c_scanner.o
                0x0000000008005a40                std::__cxx11::basic_string<char, std::char_traits<char>, std::allocator<char> > __gnu_cxx::__to_xstring<std::__cxx11::basic_string<char, std::char_traits<char>, std::allocator<char> >, char>(int (*)(char*, unsigned int, char const*, std::__va_list), unsigned int, char const*, ...)
 *fill*         0x0000000008005a86        0x2 
 .text._ZN11I2C_scanner3RunERSt6vectorINSt7__cxx1112basic_stringIcSt11char_traitsIcESaIcEEESaIS6_EE
                0x0000000008005a88      0x260 build/i2c_scanner.o
                0x0000000008005a88                I2C_scanner::Run(std::vector<std::__cxx11::basic_string<char, std::char_traits<char>, std::allocator<char> >, std::allocator<std::__cxx11::basic_string<char, std::char_traits<char>, std::allocator<char> > > >&)
 .text._ZN17IRQ_observer_base8RegisterEv
                0x0000000008005ce8        0x2 build/cli.o
                0x0000000008005ce8                IRQ_observer_base::Register()
 .text._ZN12IRQ_observerI3CLIED2Ev
                0x0000000008005cea        0x2 build/cli.o
                0x0000000008005cea                IRQ_observer<CLI>::~IRQ_observer()
                0x0000000008005cea                IRQ_observer<CLI>::~IRQ_observer()
 .text._ZN12IRQ_observerI3CLIE3RunEv
                0x0000000008005cec       0x2c build/cli.o
                0x0000000008005cec                IRQ_observer<CLI>::Run()
 .text._ZN12IRQ_observerI3CLIE17Get_origin_objectEv
                0x0000000008005d18        0x4 build/cli.o
                0x0000000008005d18                IRQ_observer<CLI>::Get_origin_object()
 .text._ZN12IRQ_observerI3CLIED0Ev
                0x0000000008005d1c        0xe build/cli.o
                0x0000000008005d1c                IRQ_observer<CLI>::~IRQ_observer()
 .text._ZN3CLI28Enable_filesystem_executableEP10Filesystem
                0x0000000008005d2a       0x12 build/cli.o
                0x0000000008005d2a                CLI::Enable_filesystem_executable(Filesystem*)
 .text._ZStplIcSt11char_traitsIcESaIcEENSt7__cxx1112basic_stringIT_T0_T1_EEPKS5_RKS8_
                0x0000000008005d3c       0x60 build/cli.o
                0x0000000008005d3c                std::__cxx11::basic_string<char, std::char_traits<char>, std::allocator<char> > std::operator+<char, std::char_traits<char>, std::allocator<char> >(char const*, std::__cxx11::basic_string<char, std::char_traits<char>, std::allocator<char> > const&)
 .text._ZNSt6vectorINSt7__cxx1112basic_stringIcSt11char_traitsIcESaIcEEESaIS5_EE13_M_insert_auxIS5_EEvN9__gnu_cxx17__normal_iteratorIPS5_S7_EEOT_
                0x0000000008005d9c      0x150 build/cli.o
                0x0000000008005d9c                void std::vector<std::__cxx11::basic_string<char, std::char_traits<char>, std::allocator<char> >, std::allocator<std::__cxx11::basic_string<char, std::char_traits<char>, std::allocator<char> > > >::_M_insert_aux<std::__cxx11::basic_string<char, std::char_traits<char>, std::allocator<char> > >(__gnu_cxx::__normal_iterator<std::__cxx11::basic_string<char, std::char_traits<char>, std::allocator<char> >*, std::vector<std::__cxx11::basic_string<char, std::char_traits<char>, std::allocator<char> >, std::allocator<std::__cxx11::basic_string<char, std::char_traits<char>, std::allocator<char> > > > >, std::__cxx11::basic_string<char, std::char_traits<char>, std::allocator<char> >&&)
 .text._ZNSt6vectorIP17IRQ_observer_baseSaIS1_EE17_M_realloc_insertIJRP12IRQ_observerI3CLIEEEEvN9__gnu_cxx17__normal_iteratorIPS1_S3_EEDpOT_
                0x0000000008005eec       0xe4 build/cli.o
                0x0000000008005eec                void std::vector<IRQ_observer_base*, std::allocator<IRQ_observer_base*> >::_M_realloc_insert<IRQ_observer<CLI>*&>(__gnu_cxx::__normal_iterator<IRQ_observer_base**, std::vector<IRQ_observer_base*, std::allocator<IRQ_observer_base*> > >, IRQ_observer<CLI>*&)
 .text._ZNSt6vectorIP17IRQ_observer_baseSaIS1_EE12emplace_backIJRP12IRQ_observerI3CLIEEEERS1_DpOT_
                0x0000000008005fd0       0x26 build/cli.o
                0x0000000008005fd0                IRQ_observer_base*& std::vector<IRQ_observer_base*, std::allocator<IRQ_observer_base*> >::emplace_back<IRQ_observer<CLI>*&>(IRQ_observer<CLI>*&)
 *fill*         0x0000000008005ff6        0x2 
 .text._ZNSt6vectorIP12Command_baseSaIS1_EE17_M_realloc_insertIJP7CommandI3CLIEEEEvN9__gnu_cxx17__normal_iteratorIPS1_S3_EEDpOT_
                0x0000000008005ff8       0xe4 build/cli.o
                0x0000000008005ff8                void std::vector<Command_base*, std::allocator<Command_base*> >::_M_realloc_insert<Command<CLI>*>(__gnu_cxx::__normal_iterator<Command_base**, std::vector<Command_base*, std::allocator<Command_base*> > >, Command<CLI>*&&)
 .text._ZNSt6vectorIP12Command_baseSaIS1_EE12emplace_backIJP7CommandI3CLIEEEERS1_DpOT_
                0x00000000080060dc       0x26 build/cli.o
                0x00000000080060dc                Command_base*& std::vector<Command_base*, std::allocator<Command_base*> >::emplace_back<Command<CLI>*>(Command<CLI>*&&)
 *fill*         0x0000000008006102        0x2 
 .text._ZN3CLI7ConnectEP11Serial_line
                0x0000000008006104       0x84 build/cli.o
                0x0000000008006104                CLI::Connect(Serial_line*)
 .text._ZN3CLI27Stop_foreground_applicationEv
                0x0000000008006188       0x38 build/cli.o
                0x0000000008006188                CLI::Stop_foreground_application()
 .text._ZN3CLI30Process_foreground_applicationESt6vectorINSt7__cxx1112basic_stringIcSt11char_traitsIcESaIcEEESaIS6_EE
                0x00000000080061c0       0x2c build/cli.o
                0x00000000080061c0                CLI::Process_foreground_application(std::vector<std::__cxx11::basic_string<char, std::char_traits<char>, std::allocator<char> >, std::allocator<std::__cxx11::basic_string<char, std::char_traits<char>, std::allocator<char> > > >)
 .text._ZN7CommandI3CLIE8Get_helpB5cxx11Ev
                0x00000000080061ec       0x1c build/cli.o
                0x00000000080061ec                Command<CLI>::Get_help[abi:cxx11]()
 .text._ZN7CommandI3CLIE11Get_commandB5cxx11Ev
                0x0000000008006208       0x1c build/cli.o
                0x0000000008006208                Command<CLI>::Get_command[abi:cxx11]()
 .text._ZStplIcSt11char_traitsIcESaIcEENSt7__cxx1112basic_stringIT_T0_T1_EERKS8_SA_
                0x0000000008006224       0x28 build/cli.o
                0x0000000008006224                std::__cxx11::basic_string<char, std::char_traits<char>, std::allocator<char> > std::operator+<char, std::char_traits<char>, std::allocator<char> >(std::__cxx11::basic_string<char, std::char_traits<char>, std::allocator<char> > const&, std::__cxx11::basic_string<char, std::char_traits<char>, std::allocator<char> > const&)
 .text._ZN3CLI8Set_lineENSt7__cxx1112basic_stringIcSt11char_traitsIcESaIcEEE
                0x000000000800624c       0xcc build/cli.o
                0x000000000800624c                CLI::Set_line(std::__cxx11::basic_string<char, std::char_traits<char>, std::allocator<char> >)
 .text._ZN3CLI5PrintENSt7__cxx1112basic_stringIcSt11char_traitsIcESaIcEEE
                0x0000000008006318       0x3a build/cli.o
                0x0000000008006318                CLI::Print(std::__cxx11::basic_string<char, std::char_traits<char>, std::allocator<char> >)
 *fill*         0x0000000008006352        0x2 
 .text._ZN3CLI11Redraw_lineEv
                0x0000000008006354      0x154 build/cli.o
                0x0000000008006354                CLI::Redraw_line()
 .text._ZN3CLI10Clear_lineEv
                0x00000000080064a8       0x8a build/cli.o
                0x00000000080064a8                CLI::Clear_line()
 *fill*         0x0000000008006532        0x2 
 .text._ZN3CLI15Set_line_prefixENSt7__cxx1112basic_stringIcSt11char_traitsIcESaIcEEE
                0x0000000008006534      0x134 build/cli.o
                0x0000000008006534                CLI::Set_line_prefix(std::__cxx11::basic_string<char, std::char_traits<char>, std::allocator<char> >)
 .text._ZN3CLI28Start_foreground_applicationENSt7__cxx1112basic_stringIcSt11char_traitsIcESaIcEEE
                0x0000000008006668      0x104 build/cli.o
                0x0000000008006668                CLI::Start_foreground_application(std::__cxx11::basic_string<char, std::char_traits<char>, std::allocator<char> >)
 .text._ZN3CLI4HelpESt6vectorINSt7__cxx1112basic_stringIcSt11char_traitsIcESaIcEEESaIS6_EE
                0x000000000800676c      0x33c build/cli.o
                0x000000000800676c                CLI::Help(std::vector<std::__cxx11::basic_string<char, std::char_traits<char>, std::allocator<char> >, std::allocator<std::__cxx11::basic_string<char, std::char_traits<char>, std::allocator<char> > > >)
 .text._ZN3CLI10Build_infoESt6vectorINSt7__cxx1112basic_stringIcSt11char_traitsIcESaIcEEESaIS6_EE
                0x0000000008006aa8      0x3f8 build/cli.o
                0x0000000008006aa8                CLI::Build_info(std::vector<std::__cxx11::basic_string<char, std::char_traits<char>, std::allocator<char> >, std::allocator<std::__cxx11::basic_string<char, std::char_traits<char>, std::allocator<char> > > >)
 .text._ZNSt6vectorINSt7__cxx1112basic_stringIcSt11char_traitsIcESaIcEEESaIS5_EE17_M_realloc_insertIJRS5_EEEvN9__gnu_cxx17__normal_iteratorIPS5_S7_EEDpOT_
                0x0000000008006ea0      0x194 build/cli.o
                0x0000000008006ea0                void std::vector<std::__cxx11::basic_string<char, std::char_traits<char>, std::allocator<char> >, std::allocator<std::__cxx11::basic_string<char, std::char_traits<char>, std::allocator<char> > > >::_M_realloc_insert<std::__cxx11::basic_string<char, std::char_traits<char>, std::allocator<char> >&>(__gnu_cxx::__normal_iterator<std::__cxx11::basic_string<char, std::char_traits<char>, std::allocator<char> >*, std::vector<std::__cxx11::basic_string<char, std::char_traits<char>, std::allocator<char> >, std::allocator<std::__cxx11::basic_string<char, std::char_traits<char>, std::allocator<char> > > > >, std::__cxx11::basic_string<char, std::char_traits<char>, std::allocator<char> >&)
 .text._ZNSt6vectorINSt7__cxx1112basic_stringIcSt11char_traitsIcESaIcEEESaIS5_EE12emplace_backIJRS5_EEES9_DpOT_
                0x0000000008007034       0x36 build/cli.o
                0x0000000008007034                std::__cxx11::basic_string<char, std::char_traits<char>, std::allocator<char> >& std::vector<std::__cxx11::basic_string<char, std::char_traits<char>, std::allocator<char> >, std::allocator<std::__cxx11::basic_string<char, std::char_traits<char>, std::allocator<char> > > >::emplace_back<std::__cxx11::basic_string<char, std::char_traits<char>, std::allocator<char> >&>(std::__cxx11::basic_string<char, std::char_traits<char>, std::allocator<char> >&)
 *fill*         0x000000000800706a        0x2 
 .text._ZNSt6vectorINSt7__cxx1112basic_stringIcSt11char_traitsIcESaIcEEESaIS5_EE17_M_realloc_insertIJRKS5_EEEvN9__gnu_cxx17__normal_iteratorIPS5_S7_EEDpOT_
                0x000000000800706c      0x194 build/cli.o
                0x000000000800706c                void std::vector<std::__cxx11::basic_string<char, std::char_traits<char>, std::allocator<char> >, std::allocator<std::__cxx11::basic_string<char, std::char_traits<char>, std::allocator<char> > > >::_M_realloc_insert<std::__cxx11::basic_string<char, std::char_traits<char>, std::allocator<char> > const&>(__gnu_cxx::__normal_iterator<std::__cxx11::basic_string<char, std::char_traits<char>, std::allocator<char> >*, std::vector<std::__cxx11::basic_string<char, std::char_traits<char>, std::allocator<char> >, std::allocator<std::__cxx11::basic_string<char, std::char_traits<char>, std::allocator<char> > > > >, std::__cxx11::basic_string<char, std::char_traits<char>, std::allocator<char> > const&)
 .text._ZNSt6vectorINSt7__cxx1112basic_stringIcSt11char_traitsIcESaIcEEESaIS5_EE6insertEN9__gnu_cxx17__normal_iteratorIPKS5_S7_EERSA_
                0x0000000008007200       0x6c build/cli.o
                0x0000000008007200                std::vector<std::__cxx11::basic_string<char, std::char_traits<char>, std::allocator<char> >, std::allocator<std::__cxx11::basic_string<char, std::char_traits<char>, std::allocator<char> > > >::insert(__gnu_cxx::__normal_iterator<std::__cxx11::basic_string<char, std::char_traits<char>, std::allocator<char> > const*, std::vector<std::__cxx11::basic_string<char, std::char_traits<char>, std::allocator<char> >, std::allocator<std::__cxx11::basic_string<char, std::char_traits<char>, std::allocator<char> > > > >, std::__cxx11::basic_string<char, std::char_traits<char>, std::allocator<char> > const&)
 .text._ZN3CLI12Process_lineEv
                0x000000000800726c      0x4c8 build/cli.o
                0x000000000800726c                CLI::Process_line()
 .text._ZN3CLI12AutocompleteENSt7__cxx1112basic_stringIcSt11char_traitsIcESaIcEEE
                0x0000000008007734      0x1d0 build/cli.o
                0x0000000008007734                CLI::Autocomplete(std::__cxx11::basic_string<char, std::char_traits<char>, std::allocator<char> >)
 .text._ZN3CLI17Process_characterEv
                0x0000000008007904      0x258 build/cli.o
                0x0000000008007904                CLI::Process_character()
 .text._ZN3CLI9Char_loadEv
                0x0000000008007b5c       0x16 build/cli.o
                0x0000000008007b5c                CLI::Char_load()
 *fill*         0x0000000008007b72        0x2 
 .text._ZN3CLI5StartEv
                0x0000000008007b74      0x220 build/cli.o
                0x0000000008007b74                CLI::Start()
 .text._ZN7CommandI3CLIE6InvokeERSt6vectorINSt7__cxx1112basic_stringIcSt11char_traitsIcESaIcEEESaIS8_EE
                0x0000000008007d94      0x188 build/cli.o
                0x0000000008007d94                Command<CLI>::Invoke(std::vector<std::__cxx11::basic_string<char, std::char_traits<char>, std::allocator<char> >, std::allocator<std::__cxx11::basic_string<char, std::char_traits<char>, std::allocator<char> > > >&)
 .text._ZN11CLI_history6UpdateENSt7__cxx1112basic_stringIcSt11char_traitsIcESaIcEEE
                0x0000000008007f1c       0xb0 build/history.o
                0x0000000008007f1c                CLI_history::Update(std::__cxx11::basic_string<char, std::char_traits<char>, std::allocator<char> >)
 .text._ZN11CLI_history13Reset_pointerEv
                0x0000000008007fcc        0x6 build/history.o
                0x0000000008007fcc                CLI_history::Reset_pointer()
 .text._ZN11CLI_history2UpB5cxx11Ev
                0x0000000008007fd2       0x8a build/history.o
                0x0000000008007fd2                CLI_history::Up[abi:cxx11]()
 .text._ZN11CLI_history4DownB5cxx11Ev
                0x000000000800805c       0x54 build/history.o
                0x000000000800805c                CLI_history::Down[abi:cxx11]()
 .text._ZN11ApplicationC2ENSt7__cxx1112basic_stringIcSt11char_traitsIcESaIcEEE
                0x00000000080080b0       0x30 build/application.o
                0x00000000080080b0                Application::Application(std::__cxx11::basic_string<char, std::char_traits<char>, std::allocator<char> >)
                0x00000000080080b0                Application::Application(std::__cxx11::basic_string<char, std::char_traits<char>, std::allocator<char> >)
 .text._ZN9ComponentC2ENSt7__cxx1112basic_stringIcSt11char_traitsIcESaIcEEE
                0x00000000080080e0       0xa4 build/component.o
                0x00000000080080e0                Component::Component(std::__cxx11::basic_string<char, std::char_traits<char>, std::allocator<char> >)
                0x00000000080080e0                Component::Component(std::__cxx11::basic_string<char, std::char_traits<char>, std::allocator<char> >)
 .text._ZNK8FS_entry3RunERSt6vectorINSt7__cxx1112basic_stringIcSt11char_traitsIcESaIcEEESaIS6_EE
                0x0000000008008184        0x6 build/device.o
                0x0000000008008184                FS_entry::Run(std::vector<std::__cxx11::basic_string<char, std::char_traits<char>, std::allocator<char> >, std::allocator<std::__cxx11::basic_string<char, std::char_traits<char>, std::allocator<char> > > >&) const
 .text._ZNK10Executable3RunERSt6vectorINSt7__cxx1112basic_stringIcSt11char_traitsIcESaIcEEESaIS6_EE
                0x000000000800818a        0xc build/device.o
                0x000000000800818a                Executable::Run(std::vector<std::__cxx11::basic_string<char, std::char_traits<char>, std::allocator<char> >, std::allocator<std::__cxx11::basic_string<char, std::char_traits<char>, std::allocator<char> > > >&) const
 .text._ZN18Invocation_wrapperI11ApplicationiRSt6vectorINSt7__cxx1112basic_stringIcSt11char_traitsIcESaIcEEESaIS7_EEED2Ev
                0x0000000008008196        0x2 build/device.o
                0x0000000008008196                Invocation_wrapper<Application, int, std::vector<std::__cxx11::basic_string<char, std::char_traits<char>, std::allocator<char> >, std::allocator<std::__cxx11::basic_string<char, std::char_traits<char>, std::allocator<char> > > >&>::~Invocation_wrapper()
                0x0000000008008196                Invocation_wrapper<Application, int, std::vector<std::__cxx11::basic_string<char, std::char_traits<char>, std::allocator<char> >, std::allocator<std::__cxx11::basic_string<char, std::char_traits<char>, std::allocator<char> > > >&>::~Invocation_wrapper()
 .text._ZNK18Invocation_wrapperI11ApplicationiRSt6vectorINSt7__cxx1112basic_stringIcSt11char_traitsIcESaIcEEESaIS7_EEE6InvokeESA_
                0x0000000008008198       0x26 build/device.o
                0x0000000008008198                Invocation_wrapper<Application, int, std::vector<std::__cxx11::basic_string<char, std::char_traits<char>, std::allocator<char> >, std::allocator<std::__cxx11::basic_string<char, std::char_traits<char>, std::allocator<char> > > >&>::Invoke(std::vector<std::__cxx11::basic_string<char, std::char_traits<char>, std::allocator<char> >, std::allocator<std::__cxx11::basic_string<char, std::char_traits<char>, std::allocator<char> > > >&) const
 .text._ZNK18Invocation_wrapperI11ApplicationiRSt6vectorINSt7__cxx1112basic_stringIcSt11char_traitsIcESaIcEEESaIS7_EEEeqERK23Invocation_wrapper_baseIiSA_E
                0x00000000080081be       0x4e build/device.o
                0x00000000080081be                Invocation_wrapper<Application, int, std::vector<std::__cxx11::basic_string<char, std::char_traits<char>, std::allocator<char> >, std::allocator<std::__cxx11::basic_string<char, std::char_traits<char>, std::allocator<char> > > >&>::operator==(Invocation_wrapper_base<int, std::vector<std::__cxx11::basic_string<char, std::char_traits<char>, std::allocator<char> >, std::allocator<std::__cxx11::basic_string<char, std::char_traits<char>, std::allocator<char> > > >&> const&) const
 .text._ZN8FS_entryD2Ev
                0x000000000800820c       0x20 build/device.o
                0x000000000800820c                FS_entry::~FS_entry()
                0x000000000800820c                FS_entry::~FS_entry()
 .text._ZN10ExecutableD2Ev
                0x000000000800822c       0x34 build/device.o
                0x000000000800822c                Executable::~Executable()
                0x000000000800822c                Executable::~Executable()
 .text._ZN18Invocation_wrapperI11ApplicationiRSt6vectorINSt7__cxx1112basic_stringIcSt11char_traitsIcESaIcEEESaIS7_EEED0Ev
                0x0000000008008260        0xe build/device.o
                0x0000000008008260                Invocation_wrapper<Application, int, std::vector<std::__cxx11::basic_string<char, std::char_traits<char>, std::allocator<char> >, std::allocator<std::__cxx11::basic_string<char, std::char_traits<char>, std::allocator<char> > > >&>::~Invocation_wrapper()
 *fill*         0x000000000800826e        0x2 
 .text._ZN8FS_entryD0Ev
                0x0000000008008270       0x28 build/device.o
                0x0000000008008270                FS_entry::~FS_entry()
 .text._ZN10ExecutableD0Ev
                0x0000000008008298       0x3c build/device.o
                0x0000000008008298                Executable::~Executable()
 .text._ZN6Device4InitEv
                0x00000000080082d4        0xa build/device.o
                0x00000000080082d4                Device::Init()
 .text._ZN6Device13CLI_availableEv
                0x00000000080082de        0xa build/device.o
                0x00000000080082de                Device::CLI_available()
 .text._ZN6Device20Filesystem_availableEv
                0x00000000080082e8        0xa build/device.o
                0x00000000080082e8                Device::Filesystem_available()
 *fill*         0x00000000080082f2        0x2 
 .text._ZNSt6vectorIP9ComponentSaIS1_EE17_M_realloc_insertIJRS1_EEEvN9__gnu_cxx17__normal_iteratorIPS1_S3_EEDpOT_
                0x00000000080082f4       0xe4 build/device.o
                0x00000000080082f4                void std::vector<Component*, std::allocator<Component*> >::_M_realloc_insert<Component*&>(__gnu_cxx::__normal_iterator<Component**, std::vector<Component*, std::allocator<Component*> > >, Component*&)
 .text._ZNSt6vectorIP9ComponentSaIS1_EE12emplace_backIJRS1_EEES5_DpOT_
                0x00000000080083d8       0x26 build/device.o
                0x00000000080083d8                Component*& std::vector<Component*, std::allocator<Component*> >::emplace_back<Component*&>(Component*&)
 .text._ZNSt8_Rb_treeINSt7__cxx1112basic_stringIcSt11char_traitsIcESaIcEEESt4pairIKS5_P11ApplicationESt10_Select1stISA_ESt4lessIS5_ESaISA_EE24_M_get_insert_unique_posERS7_
                0x00000000080083fe       0xc8 build/device.o
                0x00000000080083fe                std::_Rb_tree<std::__cxx11::basic_string<char, std::char_traits<char>, std::allocator<char> >, std::pair<std::__cxx11::basic_string<char, std::char_traits<char>, std::allocator<char> > const, Application*>, std::_Select1st<std::pair<std::__cxx11::basic_string<char, std::char_traits<char>, std::allocator<char> > const, Application*> >, std::less<std::__cxx11::basic_string<char, std::char_traits<char>, std::allocator<char> > >, std::allocator<std::pair<std::__cxx11::basic_string<char, std::char_traits<char>, std::allocator<char> > const, Application*> > >::_M_get_insert_unique_pos(std::__cxx11::basic_string<char, std::char_traits<char>, std::allocator<char> > const&)
 .text._ZNSt8_Rb_treeINSt7__cxx1112basic_stringIcSt11char_traitsIcESaIcEEESt4pairIKS5_P11ApplicationESt10_Select1stISA_ESt4lessIS5_ESaISA_EE14_M_insert_nodeEPSt18_Rb_tree_node_baseSI_PSt13_Rb_tree_nodeISA_E
                0x00000000080084c6       0x6e build/device.o
                0x00000000080084c6                std::_Rb_tree<std::__cxx11::basic_string<char, std::char_traits<char>, std::allocator<char> >, std::pair<std::__cxx11::basic_string<char, std::char_traits<char>, std::allocator<char> > const, Application*>, std::_Select1st<std::pair<std::__cxx11::basic_string<char, std::char_traits<char>, std::allocator<char> > const, Application*> >, std::less<std::__cxx11::basic_string<char, std::char_traits<char>, std::allocator<char> > >, std::allocator<std::pair<std::__cxx11::basic_string<char, std::char_traits<char>, std::allocator<char> > const, Application*> > >::_M_insert_node(std::_Rb_tree_node_base*, std::_Rb_tree_node_base*, std::_Rb_tree_node<std::pair<std::__cxx11::basic_string<char, std::char_traits<char>, std::allocator<char> > const, Application*> >*)
 .text._ZNSt8_Rb_treeINSt7__cxx1112basic_stringIcSt11char_traitsIcESaIcEEESt4pairIKS5_P11ApplicationESt10_Select1stISA_ESt4lessIS5_ESaISA_EE17_M_emplace_uniqueIJS6_IS5_S9_EEEES6_ISt17_Rb_tree_iteratorISA_EbEDpOT_
                0x0000000008008534       0x98 build/device.o
                0x0000000008008534                std::pair<std::_Rb_tree_iterator<std::pair<std::__cxx11::basic_string<char, std::char_traits<char>, std::allocator<char> > const, Application*> >, bool> std::_Rb_tree<std::__cxx11::basic_string<char, std::char_traits<char>, std::allocator<char> >, std::pair<std::__cxx11::basic_string<char, std::char_traits<char>, std::allocator<char> > const, Application*>, std::_Select1st<std::pair<std::__cxx11::basic_string<char, std::char_traits<char>, std::allocator<char> > const, Application*> >, std::less<std::__cxx11::basic_string<char, std::char_traits<char>, std::allocator<char> > >, std::allocator<std::pair<std::__cxx11::basic_string<char, std::char_traits<char>, std::allocator<char> > const, Application*> > >::_M_emplace_unique<std::pair<std::__cxx11::basic_string<char, std::char_traits<char>, std::allocator<char> >, Application*> >(std::pair<std::__cxx11::basic_string<char, std::char_traits<char>, std::allocator<char> >, Application*>&&)
 .text._ZN6Device10Enable_CLIEP11Serial_line
                0x00000000080085cc       0xe0 build/device.o
                0x00000000080085cc                Device::Enable_CLI(Serial_line*)
 .text._ZN6DeviceC2Ev
                0x00000000080086ac       0x70 build/device.o
                0x00000000080086ac                Device::Device()
                0x00000000080086ac                Device::Device()
 .text._ZN6Device8InstanceEv
                0x000000000800871c       0x28 build/device.o
                0x000000000800871c                Device::Instance()
 .text._ZN6Device17Enable_FilesystemEv
                0x0000000008008744       0xd0 build/device.o
                0x0000000008008744                Device::Enable_Filesystem()
 .text._ZSt10__count_ifIN9__gnu_cxx17__normal_iteratorIPP9ComponentSt6vectorIS3_SaIS3_EEEENS0_5__ops10_Iter_predIZN6Device18New_component_nameENSt7__cxx1112basic_stringIcSt11char_traitsIcESaIcEEEEUlS3_E_EEENSt15iterator_traitsIT_E15difference_typeESL_SL_T0_
                0x0000000008008814       0xa0 build/device.o
 .text._ZN6Device18New_component_nameENSt7__cxx1112basic_stringIcSt11char_traitsIcESaIcEEE
                0x00000000080088b4      0x1b4 build/device.o
                0x00000000080088b4                Device::New_component_name(std::__cxx11::basic_string<char, std::char_traits<char>, std::allocator<char> >)
 .text._ZN6Device18Register_componentB5cxx11EP9Component
                0x0000000008008a68       0x74 build/device.o
                0x0000000008008a68                Device::Register_component[abi:cxx11](Component*)
 .text._ZN6Device20Register_applicationEP11Application
                0x0000000008008adc      0x2f0 build/device.o
                0x0000000008008adc                Device::Register_application(Application*)
 .text._ZN9DirectoryD2Ev
                0x0000000008008dcc       0x44 build/directory.o
                0x0000000008008dcc                Directory::~Directory()
                0x0000000008008dcc                Directory::~Directory()
 .text._ZN9DirectoryD0Ev
                0x0000000008008e10       0x14 build/directory.o
                0x0000000008008e10                Directory::~Directory()
 .text._ZNSt6vectorIP8FS_entrySaIS1_EE17_M_realloc_insertIJRS1_EEEvN9__gnu_cxx17__normal_iteratorIPS1_S3_EEDpOT_
                0x0000000008008e24       0xe4 build/directory.o
                0x0000000008008e24                void std::vector<FS_entry*, std::allocator<FS_entry*> >::_M_realloc_insert<FS_entry*&>(__gnu_cxx::__normal_iterator<FS_entry**, std::vector<FS_entry*, std::allocator<FS_entry*> > >, FS_entry*&)
 .text._ZNSt6vectorIP8FS_entrySaIS1_EE12emplace_backIJRS1_EEES5_DpOT_
                0x0000000008008f08       0x26 build/directory.o
                0x0000000008008f08                FS_entry*& std::vector<FS_entry*, std::allocator<FS_entry*> >::emplace_back<FS_entry*&>(FS_entry*&)
 .text._ZN9Directory9Add_entryEP8FS_entry
                0x0000000008008f2e       0x26 build/directory.o
                0x0000000008008f2e                Directory::Add_entry(FS_entry*)
 .text._ZN9DirectoryC2ENSt7__cxx1112basic_stringIcSt11char_traitsIcESaIcEEE
                0x0000000008008f54       0x9c build/directory.o
                0x0000000008008f54                Directory::Directory(std::__cxx11::basic_string<char, std::char_traits<char>, std::allocator<char> >)
                0x0000000008008f54                Directory::Directory(std::__cxx11::basic_string<char, std::char_traits<char>, std::allocator<char> >)
 .text._ZNK9Directory9Get_entryENSt7__cxx1112basic_stringIcSt11char_traitsIcESaIcEEE
                0x0000000008008ff0       0x80 build/directory.o
                0x0000000008008ff0                Directory::Get_entry(std::__cxx11::basic_string<char, std::char_traits<char>, std::allocator<char> >) const
 .text._ZN9Directory6ExistsENSt7__cxx1112basic_stringIcSt11char_traitsIcESaIcEEE
                0x0000000008009070       0x68 build/directory.o
                0x0000000008009070                Directory::Exists(std::__cxx11::basic_string<char, std::char_traits<char>, std::allocator<char> >)
 .text._ZN9Directory13Content_namesB5cxx11Ev
                0x00000000080090d8       0x76 build/directory.o
                0x00000000080090d8                Directory::Content_names[abi:cxx11]()
 *fill*         0x000000000800914e        0x2 
 .text._ZNK8FS_entry4PathB5cxx11Ev
                0x0000000008009150      0x214 build/entry.o
                0x0000000008009150                FS_entry::Path[abi:cxx11]() const
 .text._ZN8FS_entry10Set_parentEPS_
                0x0000000008009364       0x10 build/entry.o
                0x0000000008009364                FS_entry::Set_parent(FS_entry*)
 .text._ZN8FS_entry6DeleteEv
                0x0000000008009374        0xa build/entry.o
                0x0000000008009374                FS_entry::Delete()
 *fill*         0x000000000800937e        0x2 
 .text._ZNSt6vectorINSt7__cxx1112basic_stringIcSt11char_traitsIcESaIcEEESaIS5_EE17_M_realloc_insertIJS5_EEEvN9__gnu_cxx17__normal_iteratorIPS5_S7_EEDpOT_
                0x0000000008009380      0x1b4 build/filesystem.o
                0x0000000008009380                void std::vector<std::__cxx11::basic_string<char, std::char_traits<char>, std::allocator<char> >, std::allocator<std::__cxx11::basic_string<char, std::char_traits<char>, std::allocator<char> > > >::_M_realloc_insert<std::__cxx11::basic_string<char, std::char_traits<char>, std::allocator<char> > >(__gnu_cxx::__normal_iterator<std::__cxx11::basic_string<char, std::char_traits<char>, std::allocator<char> >*, std::vector<std::__cxx11::basic_string<char, std::char_traits<char>, std::allocator<char> >, std::allocator<std::__cxx11::basic_string<char, std::char_traits<char>, std::allocator<char> > > > >, std::__cxx11::basic_string<char, std::char_traits<char>, std::allocator<char> >&&)
 .text._ZNSt6vectorINSt7__cxx1112basic_stringIcSt11char_traitsIcESaIcEEESaIS5_EE12emplace_backIJS5_EEERS5_DpOT_
                0x0000000008009534       0x50 build/filesystem.o
                0x0000000008009534                std::__cxx11::basic_string<char, std::char_traits<char>, std::allocator<char> >& std::vector<std::__cxx11::basic_string<char, std::char_traits<char>, std::allocator<char> >, std::allocator<std::__cxx11::basic_string<char, std::char_traits<char>, std::allocator<char> > > >::emplace_back<std::__cxx11::basic_string<char, std::char_traits<char>, std::allocator<char> > >(std::__cxx11::basic_string<char, std::char_traits<char>, std::allocator<char> >&&)
 .text._ZNSt6vectorIP12Command_baseSaIS1_EE17_M_realloc_insertIJP7CommandI10FilesystemEEEEvN9__gnu_cxx17__normal_iteratorIPS1_S3_EEDpOT_
                0x0000000008009584       0xe4 build/filesystem.o
                0x0000000008009584                void std::vector<Command_base*, std::allocator<Command_base*> >::_M_realloc_insert<Command<Filesystem>*>(__gnu_cxx::__normal_iterator<Command_base**, std::vector<Command_base*, std::allocator<Command_base*> > >, Command<Filesystem>*&&)
 .text._ZNSt6vectorIP12Command_baseSaIS1_EE12emplace_backIJP7CommandI10FilesystemEEEERS1_DpOT_
                0x0000000008009668       0x26 build/filesystem.o
                0x0000000008009668                Command_base*& std::vector<Command_base*, std::allocator<Command_base*> >::emplace_back<Command<Filesystem>*>(Command<Filesystem>*&&)
 *fill*         0x000000000800968e        0x2 
 .text._ZNSt6vectorINSt7__cxx1112basic_stringIcSt11char_traitsIcESaIcEEESaIS5_EE17_M_realloc_insertIJRA2_KcEEEvN9__gnu_cxx17__normal_iteratorIPS5_S7_EEDpOT_
                0x0000000008009690      0x1a4 build/filesystem.o
                0x0000000008009690                void std::vector<std::__cxx11::basic_string<char, std::char_traits<char>, std::allocator<char> >, std::allocator<std::__cxx11::basic_string<char, std::char_traits<char>, std::allocator<char> > > >::_M_realloc_insert<char const (&) [2]>(__gnu_cxx::__normal_iterator<std::__cxx11::basic_string<char, std::char_traits<char>, std::allocator<char> >*, std::vector<std::__cxx11::basic_string<char, std::char_traits<char>, std::allocator<char> >, std::allocator<std::__cxx11::basic_string<char, std::char_traits<char>, std::allocator<char> > > > >, char const (&) [2])
 .text._ZNSt6vectorINSt7__cxx1112basic_stringIcSt11char_traitsIcESaIcEEESaIS5_EE12emplace_backIJRA2_KcEEERS5_DpOT_
                0x0000000008009834       0x44 build/filesystem.o
                0x0000000008009834                std::__cxx11::basic_string<char, std::char_traits<char>, std::allocator<char> >& std::vector<std::__cxx11::basic_string<char, std::char_traits<char>, std::allocator<char> >, std::allocator<std::__cxx11::basic_string<char, std::char_traits<char>, std::allocator<char> > > >::emplace_back<char const (&) [2]>(char const (&) [2])
 .text._ZN10Filesystem11Command_pwdESt6vectorINSt7__cxx1112basic_stringIcSt11char_traitsIcESaIcEEESaIS6_EE
                0x0000000008009878       0xc0 build/filesystem.o
                0x0000000008009878                Filesystem::Command_pwd(std::vector<std::__cxx11::basic_string<char, std::char_traits<char>, std::allocator<char> >, std::allocator<std::__cxx11::basic_string<char, std::char_traits<char>, std::allocator<char> > > >)
 .text._ZNK10Filesystem13Absolute_pathENSt7__cxx1112basic_stringIcSt11char_traitsIcESaIcEEE
                0x0000000008009938      0x17c build/filesystem.o
                0x0000000008009938                Filesystem::Absolute_path(std::__cxx11::basic_string<char, std::char_traits<char>, std::allocator<char> >) const
 .text._ZN7CommandI10FilesystemE8Get_helpB5cxx11Ev
                0x0000000008009ab4       0x1c build/filesystem.o
                0x0000000008009ab4                Command<Filesystem>::Get_help[abi:cxx11]()
 .text._ZN7CommandI10FilesystemE11Get_commandB5cxx11Ev
                0x0000000008009ad0       0x1c build/filesystem.o
                0x0000000008009ad0                Command<Filesystem>::Get_command[abi:cxx11]()
 .text._ZN10FilesystemC2EP3CLI
                0x0000000008009aec      0x58c build/filesystem.o
                0x0000000008009aec                Filesystem::Filesystem(CLI*)
                0x0000000008009aec                Filesystem::Filesystem(CLI*)
 .text._ZN7CommandI10FilesystemE6InvokeERSt6vectorINSt7__cxx1112basic_stringIcSt11char_traitsIcESaIcEEESaIS8_EE
                0x000000000800a078      0x188 build/filesystem.o
                0x000000000800a078                Command<Filesystem>::Invoke(std::vector<std::__cxx11::basic_string<char, std::char_traits<char>, std::allocator<char> >, std::allocator<std::__cxx11::basic_string<char, std::char_traits<char>, std::allocator<char> > > >&)
 .text._ZSt12__niter_baseIPNSt7__cxx1112basic_stringIcSt11char_traitsIcESaIcEEESt6vectorIS5_SaIS5_EEET_N9__gnu_cxx17__normal_iteratorISA_T0_EE
                0x000000000800a200        0x2 build/filesystem.o
                0x000000000800a200                std::__cxx11::basic_string<char, std::char_traits<char>, std::allocator<char> >* std::__niter_base<std::__cxx11::basic_string<char, std::char_traits<char>, std::allocator<char> >*, std::vector<std::__cxx11::basic_string<char, std::char_traits<char>, std::allocator<char> >, std::allocator<std::__cxx11::basic_string<char, std::char_traits<char>, std::allocator<char> > > > >(__gnu_cxx::__normal_iterator<std::__cxx11::basic_string<char, std::char_traits<char>, std::allocator<char> >*, std::vector<std::__cxx11::basic_string<char, std::char_traits<char>, std::allocator<char> >, std::allocator<std::__cxx11::basic_string<char, std::char_traits<char>, std::allocator<char> > > > >)
 .text._ZNSt6vectorINSt7__cxx1112basic_stringIcSt11char_traitsIcESaIcEEESaIS5_EE8_M_eraseEN9__gnu_cxx17__normal_iteratorIPS5_S7_EE
                0x000000000800a202       0xce build/filesystem.o
                0x000000000800a202                std::vector<std::__cxx11::basic_string<char, std::char_traits<char>, std::allocator<char> >, std::allocator<std::__cxx11::basic_string<char, std::char_traits<char>, std::allocator<char> > > >::_M_erase(__gnu_cxx::__normal_iterator<std::__cxx11::basic_string<char, std::char_traits<char>, std::allocator<char> >*, std::vector<std::__cxx11::basic_string<char, std::char_traits<char>, std::allocator<char> >, std::allocator<std::__cxx11::basic_string<char, std::char_traits<char>, std::allocator<char> > > > >)
 .text._ZNK10Filesystem9Get_entryESt6vectorINSt7__cxx1112basic_stringIcSt11char_traitsIcESaIcEEESaIS6_EE
                0x000000000800a2d0      0x198 build/filesystem.o
                0x000000000800a2d0                Filesystem::Get_entry(std::vector<std::__cxx11::basic_string<char, std::char_traits<char>, std::allocator<char> >, std::allocator<std::__cxx11::basic_string<char, std::char_traits<char>, std::allocator<char> > > >) const
 .text._ZNK10Filesystem12Entry_existsESt6vectorINSt7__cxx1112basic_stringIcSt11char_traitsIcESaIcEEESaIS6_EE
                0x000000000800a468       0xc0 build/filesystem.o
                0x000000000800a468                Filesystem::Entry_exists(std::vector<std::__cxx11::basic_string<char, std::char_traits<char>, std::allocator<char> >, std::allocator<std::__cxx11::basic_string<char, std::char_traits<char>, std::allocator<char> > > >) const
 .text._ZNK10Filesystem17Create_entry_pathENSt7__cxx1112basic_stringIcSt11char_traitsIcESaIcEEE
                0x000000000800a528      0x1dc build/filesystem.o
                0x000000000800a528                Filesystem::Create_entry_path(std::__cxx11::basic_string<char, std::char_traits<char>, std::allocator<char> >) const
 .text._ZNK10Filesystem12Entry_existsENSt7__cxx1112basic_stringIcSt11char_traitsIcESaIcEEE
                0x000000000800a704       0x66 build/filesystem.o
                0x000000000800a704                Filesystem::Entry_exists(std::__cxx11::basic_string<char, std::char_traits<char>, std::allocator<char> >) const
 *fill*         0x000000000800a76a        0x2 
 .text._ZNK10Filesystem13Command_checkESt6vectorINSt7__cxx1112basic_stringIcSt11char_traitsIcESaIcEEESaIS6_EE
                0x000000000800a76c      0x264 build/filesystem.o
                0x000000000800a76c                Filesystem::Command_check(std::vector<std::__cxx11::basic_string<char, std::char_traits<char>, std::allocator<char> >, std::allocator<std::__cxx11::basic_string<char, std::char_traits<char>, std::allocator<char> > > >) const
 .text._ZNK10Filesystem9Get_entryENSt7__cxx1112basic_stringIcSt11char_traitsIcESaIcEEE
                0x000000000800a9d0       0x66 build/filesystem.o
                0x000000000800a9d0                Filesystem::Get_entry(std::__cxx11::basic_string<char, std::char_traits<char>, std::allocator<char> >) const
 .text._ZN10Filesystem12Set_locationENSt7__cxx1112basic_stringIcSt11char_traitsIcESaIcEEE
                0x000000000800aa36       0x66 build/filesystem.o
                0x000000000800aa36                Filesystem::Set_location(std::__cxx11::basic_string<char, std::char_traits<char>, std::allocator<char> >)
 .text._ZN10Filesystem10Command_cdESt6vectorINSt7__cxx1112basic_stringIcSt11char_traitsIcESaIcEEESaIS6_EE
                0x000000000800aa9c      0x164 build/filesystem.o
                0x000000000800aa9c                Filesystem::Command_cd(std::vector<std::__cxx11::basic_string<char, std::char_traits<char>, std::allocator<char> >, std::allocator<std::__cxx11::basic_string<char, std::char_traits<char>, std::allocator<char> > > >)
 .text._ZN10Filesystem11Command_catESt6vectorINSt7__cxx1112basic_stringIcSt11char_traitsIcESaIcEEESaIS6_EE
                0x000000000800ac00      0x2e0 build/filesystem.o
                0x000000000800ac00                Filesystem::Command_cat(std::vector<std::__cxx11::basic_string<char, std::char_traits<char>, std::allocator<char> >, std::allocator<std::__cxx11::basic_string<char, std::char_traits<char>, std::allocator<char> > > >)
 .text._ZN10Filesystem10Command_fgESt6vectorINSt7__cxx1112basic_stringIcSt11char_traitsIcESaIcEEESaIS6_EE
                0x000000000800aee0      0x124 build/filesystem.o
                0x000000000800aee0                Filesystem::Command_fg(std::vector<std::__cxx11::basic_string<char, std::char_traits<char>, std::allocator<char> >, std::allocator<std::__cxx11::basic_string<char, std::char_traits<char>, std::allocator<char> > > >)
 .text._ZNK10Filesystem10Entry_typeENSt7__cxx1112basic_stringIcSt11char_traitsIcESaIcEEE
                0x000000000800b004       0x68 build/filesystem.o
                0x000000000800b004                Filesystem::Entry_type(std::__cxx11::basic_string<char, std::char_traits<char>, std::allocator<char> >) const
 .text._ZN10Filesystem9Add_entryENSt7__cxx1112basic_stringIcSt11char_traitsIcESaIcEEEP8FS_entry
                0x000000000800b06c      0x260 build/filesystem.o
                0x000000000800b06c                Filesystem::Add_entry(std::__cxx11::basic_string<char, std::char_traits<char>, std::allocator<char> >, FS_entry*)
 .text._ZN10Filesystem14Make_directoryENSt7__cxx1112basic_stringIcSt11char_traitsIcESaIcEEE
                0x000000000800b2cc       0xc8 build/filesystem.o
                0x000000000800b2cc                Filesystem::Make_directory(std::__cxx11::basic_string<char, std::char_traits<char>, std::allocator<char> >)
 .text._ZN10Filesystem7ExecuteERNSt7__cxx1112basic_stringIcSt11char_traitsIcESaIcEEERSt6vectorIS5_SaIS5_EE
                0x000000000800b394       0xe0 build/filesystem.o
                0x000000000800b394                Filesystem::Execute(std::__cxx11::basic_string<char, std::char_traits<char>, std::allocator<char> >&, std::vector<std::__cxx11::basic_string<char, std::char_traits<char>, std::allocator<char> >, std::allocator<std::__cxx11::basic_string<char, std::char_traits<char>, std::allocator<char> > > >&)
 .text._ZSt12__niter_baseIPKP8FS_entrySt6vectorIS1_SaIS1_EEET_N9__gnu_cxx17__normal_iteratorIS7_T0_EE
                0x000000000800b474        0x2 build/filesystem.o
                0x000000000800b474                FS_entry* const* std::__niter_base<FS_entry* const*, std::vector<FS_entry*, std::allocator<FS_entry*> > >(__gnu_cxx::__normal_iterator<FS_entry* const*, std::vector<FS_entry*, std::allocator<FS_entry*> > >)
 *fill*         0x000000000800b476        0x2 
 .text._ZN10Filesystem10Command_lsESt6vectorINSt7__cxx1112basic_stringIcSt11char_traitsIcESaIcEEESaIS6_EE
                0x000000000800b478      0x28c build/filesystem.o
                0x000000000800b478                Filesystem::Command_ls(std::vector<std::__cxx11::basic_string<char, std::char_traits<char>, std::allocator<char> >, std::allocator<std::__cxx11::basic_string<char, std::char_traits<char>, std::allocator<char> > > >)
 .text._Z6devicev
                0x000000000800b704        0x8 build/globals.o
                0x000000000800b704                device()
 .text._ZN3Pin6ToggleEv
                0x000000000800b70c       0x20 build/pin.o
                0x000000000800b70c                Pin::Toggle()
 .text._ZN3Pin3SetEb
                0x000000000800b72c       0x24 build/pin.o
                0x000000000800b72c                Pin::Set(bool)
 .text._ZN3Pin4ReadEv
                0x000000000800b750       0x28 build/pin.o
                0x000000000800b750                Pin::Read()
 .text._ZN3PinC2Ech
                0x000000000800b778       0x38 build/pin.o
                0x000000000800b778                Pin::Pin(char, unsigned char)
                0x000000000800b778                Pin::Pin(char, unsigned char)
 .text._ZN7Pin_IRQC2EiP17IRQ_multi_handlerIiE
                0x000000000800b7b0        0xa build/pin_irq.o
                0x000000000800b7b0                Pin_IRQ::Pin_IRQ(int, IRQ_multi_handler<int>*)
                0x000000000800b7b0                Pin_IRQ::Pin_IRQ(int, IRQ_multi_handler<int>*)
 .text._ZN11IRQ_handler6NotifyEv
                0x000000000800b7ba       0x24 build/irq_handler.o
                0x000000000800b7ba                IRQ_handler::Notify()
 .text._ZNK10I2C_device8TransmitERKSt6vectorIhSaIhEE
                0x000000000800b7de        0xe build/i2c_device.o
                0x000000000800b7de                I2C_device::Transmit(std::vector<unsigned char, std::allocator<unsigned char> > const&) const
 .text._ZN10I2C_device7ReceiveEj
                0x000000000800b7ec       0x12 build/i2c_device.o
                0x000000000800b7ec                I2C_device::Receive(unsigned int)
 *fill*         0x000000000800b7fe        0x2 
 .text._ZN10I2C_deviceC2ER10I2C_masterh
                0x000000000800b800       0x18 build/i2c_device.o
                0x000000000800b800                I2C_device::I2C_device(I2C_master&, unsigned char)
                0x000000000800b800                I2C_device::I2C_device(I2C_master&, unsigned char)
 .text._ZN10I2C_masterC2EP19__I2C_HandleTypeDefj
                0x000000000800b818        0x6 build/i2c_master.o
                0x000000000800b818                I2C_master::I2C_master(__I2C_HandleTypeDef*, unsigned int)
                0x000000000800b818                I2C_master::I2C_master(__I2C_HandleTypeDef*, unsigned int)
 .text._ZNK10I2C_master13Transmit_pollEhRKSt6vectorIhSaIhEE
                0x000000000800b81e       0x1c build/i2c_master.o
                0x000000000800b81e                I2C_master::Transmit_poll(unsigned char, std::vector<unsigned char, std::allocator<unsigned char> > const&) const
 *fill*         0x000000000800b83a        0x2 
 .text._ZN10I2C_master12Receive_pollEhj
                0x000000000800b83c       0x68 build/i2c_master.o
                0x000000000800b83c                I2C_master::Receive_poll(unsigned char, unsigned int)
 .text._ZN10I2C_master4PingEh
                0x000000000800b8a4       0x18 build/i2c_master.o
                0x000000000800b8a4                I2C_master::Ping(unsigned char)
 .text._ZN7KTD20264TestEv
                0x000000000800b8bc      0x184 build/KTD2026.o
                0x000000000800b8bc                KTD2026::Test()
 .text._ZN7KTD2026C2E10I2C_masterh
                0x000000000800ba40       0x4c build/KTD2026.o
                0x000000000800ba40                KTD2026::KTD2026(I2C_master, unsigned char)
                0x000000000800ba40                KTD2026::KTD2026(I2C_master, unsigned char)
 .text._ZN3MCU35Filesystem_interface_initializationEv
                0x000000000800ba8c        0xc build/mcu.o
                0x000000000800ba8c                MCU::Filesystem_interface_initialization()
 .text._ZN3MCU16Init_peripheralsEv
                0x000000000800ba98       0xac build/mcu.o
                0x000000000800ba98                MCU::Init_peripherals()
 .text._ZN3MCU4InitEv
                0x000000000800bb44        0x8 build/mcu.o
                0x000000000800bb44                MCU::Init()
 .text._ZNSt8_Rb_treeIN12Colored_text11Text_colorsESt4pairIKS1_NSt7__cxx1112basic_stringIcSt11char_traitsIcESaIcEEEESt10_Select1stISA_ESt4lessIS1_ESaISA_EE8_M_eraseEPSt13_Rb_tree_nodeISA_E
                0x000000000800bb4c       0x30 build/text_transform.o
                0x000000000800bb4c                std::_Rb_tree<Colored_text::Text_colors, std::pair<Colored_text::Text_colors const, std::__cxx11::basic_string<char, std::char_traits<char>, std::allocator<char> > >, std::_Select1st<std::pair<Colored_text::Text_colors const, std::__cxx11::basic_string<char, std::char_traits<char>, std::allocator<char> > > >, std::less<Colored_text::Text_colors>, std::allocator<std::pair<Colored_text::Text_colors const, std::__cxx11::basic_string<char, std::char_traits<char>, std::allocator<char> > > > >::_M_erase(std::_Rb_tree_node<std::pair<Colored_text::Text_colors const, std::__cxx11::basic_string<char, std::char_traits<char>, std::allocator<char> > > >*)
 .text._ZNSt3mapIN12Colored_text11Text_colorsENSt7__cxx1112basic_stringIcSt11char_traitsIcESaIcEEESt4lessIS1_ESaISt4pairIKS1_S7_EEED2Ev
                0x000000000800bb7c        0xe build/text_transform.o
                0x000000000800bb7c                std::map<Colored_text::Text_colors, std::__cxx11::basic_string<char, std::char_traits<char>, std::allocator<char> >, std::less<Colored_text::Text_colors>, std::allocator<std::pair<Colored_text::Text_colors const, std::__cxx11::basic_string<char, std::char_traits<char>, std::allocator<char> > > > >::~map()
                0x000000000800bb7c                std::map<Colored_text::Text_colors, std::__cxx11::basic_string<char, std::char_traits<char>, std::allocator<char> >, std::less<Colored_text::Text_colors>, std::allocator<std::pair<Colored_text::Text_colors const, std::__cxx11::basic_string<char, std::char_traits<char>, std::allocator<char> > > > >::~map()
 .text._ZNSt7__cxx1112basic_stringIcSt11char_traitsIcESaIcEEC2IS3_EEPKcRKS3_
                0x000000000800bb8a       0x2a build/text_transform.o
                0x000000000800bb8a                std::__cxx11::basic_string<char, std::char_traits<char>, std::allocator<char> >::basic_string<std::allocator<char> >(char const*, std::allocator<char> const&)
                0x000000000800bb8a                std::__cxx11::basic_string<char, std::char_traits<char>, std::allocator<char> >::basic_string<std::allocator<char> >(char const*, std::allocator<char> const&)
 .text._ZNSt8_Rb_treeIN12Colored_text11Text_colorsESt4pairIKS1_NSt7__cxx1112basic_stringIcSt11char_traitsIcESaIcEEEESt10_Select1stISA_ESt4lessIS1_ESaISA_EE24_M_get_insert_unique_posERS3_
                0x000000000800bbb4       0x6c build/text_transform.o
                0x000000000800bbb4                std::_Rb_tree<Colored_text::Text_colors, std::pair<Colored_text::Text_colors const, std::__cxx11::basic_string<char, std::char_traits<char>, std::allocator<char> > >, std::_Select1st<std::pair<Colored_text::Text_colors const, std::__cxx11::basic_string<char, std::char_traits<char>, std::allocator<char> > > >, std::less<Colored_text::Text_colors>, std::allocator<std::pair<Colored_text::Text_colors const, std::__cxx11::basic_string<char, std::char_traits<char>, std::allocator<char> > > > >::_M_get_insert_unique_pos(Colored_text::Text_colors const&)
 .text._ZNSt8_Rb_treeIN12Colored_text11Text_colorsESt4pairIKS1_NSt7__cxx1112basic_stringIcSt11char_traitsIcESaIcEEEESt10_Select1stISA_ESt4lessIS1_ESaISA_EE29_M_get_insert_hint_unique_posESt23_Rb_tree_const_iteratorISA_ERS3_
                0x000000000800bc20       0xc2 build/text_transform.o
                0x000000000800bc20                std::_Rb_tree<Colored_text::Text_colors, std::pair<Colored_text::Text_colors const, std::__cxx11::basic_string<char, std::char_traits<char>, std::allocator<char> > >, std::_Select1st<std::pair<Colored_text::Text_colors const, std::__cxx11::basic_string<char, std::char_traits<char>, std::allocator<char> > > >, std::less<Colored_text::Text_colors>, std::allocator<std::pair<Colored_text::Text_colors const, std::__cxx11::basic_string<char, std::char_traits<char>, std::allocator<char> > > > >::_M_get_insert_hint_unique_pos(std::_Rb_tree_const_iterator<std::pair<Colored_text::Text_colors const, std::__cxx11::basic_string<char, std::char_traits<char>, std::allocator<char> > > >, Colored_text::Text_colors const&)
 *fill*         0x000000000800bce2        0x2 
 .text._Z7dec2hexB5cxx11i
                0x000000000800bce4      0x45c build/text_transform.o
                0x000000000800bce4                dec2hex[abi:cxx11](int)
 .text._ZNSt8_Rb_treeIN12Colored_text11Text_colorsESt4pairIKS1_NSt7__cxx1112basic_stringIcSt11char_traitsIcESaIcEEEESt10_Select1stISA_ESt4lessIS1_ESaISA_EE10_M_insert_IRKSA_NSG_11_Alloc_nodeEEESt17_Rb_tree_iteratorISA_EPSt18_Rb_tree_node_baseSO_OT_RT0_
                0x000000000800c140       0x6e build/text_transform.o
                0x000000000800c140                std::_Rb_tree_iterator<std::pair<Colored_text::Text_colors const, std::__cxx11::basic_string<char, std::char_traits<char>, std::allocator<char> > > > std::_Rb_tree<Colored_text::Text_colors, std::pair<Colored_text::Text_colors const, std::__cxx11::basic_string<char, std::char_traits<char>, std::allocator<char> > >, std::_Select1st<std::pair<Colored_text::Text_colors const, std::__cxx11::basic_string<char, std::char_traits<char>, std::allocator<char> > > >, std::less<Colored_text::Text_colors>, std::allocator<std::pair<Colored_text::Text_colors const, std::__cxx11::basic_string<char, std::char_traits<char>, std::allocator<char> > > > >::_M_insert_<std::pair<Colored_text::Text_colors const, std::__cxx11::basic_string<char, std::char_traits<char>, std::allocator<char> > > const&, std::_Rb_tree<Colored_text::Text_colors, std::pair<Colored_text::Text_colors const, std::__cxx11::basic_string<char, std::char_traits<char>, std::allocator<char> > >, std::_Select1st<std::pair<Colored_text::Text_colors const, std::__cxx11::basic_string<char, std::char_traits<char>, std::allocator<char> > > >, std::less<Colored_text::Text_colors>, std::allocator<std::pair<Colored_text::Text_colors const, std::__cxx11::basic_string<char, std::char_traits<char>, std::allocator<char> > > > >::_Alloc_node>(std::_Rb_tree_node_base*, std::_Rb_tree_node_base*, std::pair<Colored_text::Text_colors const, std::__cxx11::basic_string<char, std::char_traits<char>, std::allocator<char> > > const&, std::_Rb_tree<Colored_text::Text_colors, std::pair<Colored_text::Text_colors const, std::__cxx11::basic_string<char, std::char_traits<char>, std::allocator<char> > >, std::_Select1st<std::pair<Colored_text::Text_colors const, std::__cxx11::basic_string<char, std::char_traits<char>, std::allocator<char> > > >, std::less<Colored_text::Text_colors>, std::allocator<std::pair<Colored_text::Text_colors const, std::__cxx11::basic_string<char, std::char_traits<char>, std::allocator<char> > > > >::_Alloc_node&)
 .text._ZNSt8_Rb_treeIN12Colored_text11Text_colorsESt4pairIKS1_NSt7__cxx1112basic_stringIcSt11char_traitsIcESaIcEEEESt10_Select1stISA_ESt4lessIS1_ESaISA_EE17_M_insert_unique_IRKSA_NSG_11_Alloc_nodeEEESt17_Rb_tree_iteratorISA_ESt23_Rb_tree_const_iteratorISA_EOT_RT0_
                0x000000000800c1ae       0x30 build/text_transform.o
                0x000000000800c1ae                std::_Rb_tree_iterator<std::pair<Colored_text::Text_colors const, std::__cxx11::basic_string<char, std::char_traits<char>, std::allocator<char> > > > std::_Rb_tree<Colored_text::Text_colors, std::pair<Colored_text::Text_colors const, std::__cxx11::basic_string<char, std::char_traits<char>, std::allocator<char> > >, std::_Select1st<std::pair<Colored_text::Text_colors const, std::__cxx11::basic_string<char, std::char_traits<char>, std::allocator<char> > > >, std::less<Colored_text::Text_colors>, std::allocator<std::pair<Colored_text::Text_colors const, std::__cxx11::basic_string<char, std::char_traits<char>, std::allocator<char> > > > >::_M_insert_unique_<std::pair<Colored_text::Text_colors const, std::__cxx11::basic_string<char, std::char_traits<char>, std::allocator<char> > > const&, std::_Rb_tree<Colored_text::Text_colors, std::pair<Colored_text::Text_colors const, std::__cxx11::basic_string<char, std::char_traits<char>, std::allocator<char> > >, std::_Select1st<std::pair<Colored_text::Text_colors const, std::__cxx11::basic_string<char, std::char_traits<char>, std::allocator<char> > > >, std::less<Colored_text::Text_colors>, std::allocator<std::pair<Colored_text::Text_colors const, std::__cxx11::basic_string<char, std::char_traits<char>, std::allocator<char> > > > >::_Alloc_node>(std::_Rb_tree_const_iterator<std::pair<Colored_text::Text_colors const, std::__cxx11::basic_string<char, std::char_traits<char>, std::allocator<char> > > >, std::pair<Colored_text::Text_colors const, std::__cxx11::basic_string<char, std::char_traits<char>, std::allocator<char> > > const&, std::_Rb_tree<Colored_text::Text_colors, std::pair<Colored_text::Text_colors const, std::__cxx11::basic_string<char, std::char_traits<char>, std::allocator<char> > >, std::_Select1st<std::pair<Colored_text::Text_colors const, std::__cxx11::basic_string<char, std::char_traits<char>, std::allocator<char> > > >, std::less<Colored_text::Text_colors>, std::allocator<std::pair<Colored_text::Text_colors const, std::__cxx11::basic_string<char, std::char_traits<char>, std::allocator<char> > > > >::_Alloc_node&)
 *fill*         0x000000000800c1de        0x2 
 .text._Z41__static_initialization_and_destruction_0ii
                0x000000000800c1e0      0x140 build/text_transform.o
 .text._GLOBAL__sub_I__ZN12Colored_text14Color_sequenceB5cxx11E
                0x000000000800c320       0x10 build/text_transform.o
 .text._ZNSt6vectorI11TIM_channelSaIS0_EE17_M_realloc_insertIJS0_EEEvN9__gnu_cxx17__normal_iteratorIPS0_S2_EEDpOT_
                0x000000000800c330      0x108 build/timer.o
                0x000000000800c330                void std::vector<TIM_channel, std::allocator<TIM_channel> >::_M_realloc_insert<TIM_channel>(__gnu_cxx::__normal_iterator<TIM_channel*, std::vector<TIM_channel, std::allocator<TIM_channel> > >, TIM_channel&&)
 .text._ZNSt6vectorI11TIM_channelSaIS0_EE12emplace_backIJS0_EEERS0_DpOT_
                0x000000000800c438       0x24 build/timer.o
                0x000000000800c438                TIM_channel& std::vector<TIM_channel, std::allocator<TIM_channel> >::emplace_back<TIM_channel>(TIM_channel&&)
 .text._ZN5TimerC2EtP17TIM_HandleTypeDefii
                0x000000000800c45c       0xa4 build/timer.o
                0x000000000800c45c                Timer::Timer(unsigned short, TIM_HandleTypeDef*, int, int)
                0x000000000800c45c                Timer::Timer(unsigned short, TIM_HandleTypeDef*, int, int)
 .text._ZN11TIM_channelC2EP5Timerm
                0x000000000800c500        0xa build/TIM_channel.o
                0x000000000800c500                TIM_channel::TIM_channel(Timer*, unsigned long)
                0x000000000800c500                TIM_channel::TIM_channel(Timer*, unsigned long)
 .text._ZN11Serial_line4ReadB5cxx11Ei
                0x000000000800c50a       0x52 build/serial_line.o
                0x000000000800c50a                Serial_line::Read[abi:cxx11](int)
 .text._ZN4UART7ReceiveEv
                0x000000000800c55c       0x64 build/uart.o
                0x000000000800c55c                UART::Receive()
 .text.HAL_UART_RxCpltCallback
                0x000000000800c5c0       0x54 build/uart.o
                0x000000000800c5c0                HAL_UART_RxCpltCallback
 .text._ZN4UARTC2EP20__UART_HandleTypeDef
                0x000000000800c614       0x58 build/uart.o
                0x000000000800c614                UART::UART(__UART_HandleTypeDef*)
                0x000000000800c614                UART::UART(__UART_HandleTypeDef*)
 .text._ZN4UART4SendENSt7__cxx1112basic_stringIcSt11char_traitsIcESaIcEEE
                0x000000000800c66c       0x58 build/uart.o
                0x000000000800c66c                UART::Send(std::__cxx11::basic_string<char, std::char_traits<char>, std::allocator<char> >)
 .text._ZN4UART6ResendEv
                0x000000000800c6c4       0x44 build/uart.o
                0x000000000800c6c4                UART::Resend()
 .text.HAL_UART_TxCpltCallback
                0x000000000800c708       0x38 build/uart.o
                0x000000000800c708                HAL_UART_TxCpltCallback
 .text.Reset_Handler
                0x000000000800c740       0x50 build/startup_stm32g071xx.o
                0x000000000800c740                Reset_Handler
 .text.Default_Handler
                0x000000000800c790        0x2 build/startup_stm32g071xx.o
                0x000000000800c790                TIM1_CC_IRQHandler
                0x000000000800c790                ADC1_COMP_IRQHandler
                0x000000000800c790                PVD_IRQHandler
                0x000000000800c790                I2C1_IRQHandler
                0x000000000800c790                TIM7_LPTIM2_IRQHandler
                0x000000000800c790                RTC_TAMP_IRQHandler
                0x000000000800c790                SPI1_IRQHandler
                0x000000000800c790                EXTI2_3_IRQHandler
                0x000000000800c790                I2C2_IRQHandler
                0x000000000800c790                TIM17_IRQHandler
                0x000000000800c790                TIM16_IRQHandler
                0x000000000800c790                TIM3_IRQHandler
                0x000000000800c790                EXTI4_15_IRQHandler
                0x000000000800c790                RCC_IRQHandler
                0x000000000800c790                DMA1_Channel1_IRQHandler
                0x000000000800c790                Default_Handler
                0x000000000800c790                CEC_IRQHandler
                0x000000000800c790                TIM14_IRQHandler
                0x000000000800c790                TIM15_IRQHandler
                0x000000000800c790                EXTI0_1_IRQHandler
                0x000000000800c790                SPI2_IRQHandler
                0x000000000800c790                TIM6_DAC_LPTIM1_IRQHandler
                0x000000000800c790                WWDG_IRQHandler
                0x000000000800c790                TIM2_IRQHandler
                0x000000000800c790                DMA1_Ch4_7_DMAMUX1_OVR_IRQHandler
                0x000000000800c790                DMA1_Channel2_3_IRQHandler
                0x000000000800c790                UCPD1_2_IRQHandler
                0x000000000800c790                FLASH_IRQHandler
                0x000000000800c790                USART1_IRQHandler
                0x000000000800c790                TIM1_BRK_UP_TRG_COM_IRQHandler
 .text.__aeabi_atexit
                0x000000000800c792        0xe /opt/gcc-arm-none-eabi-9-2020-q2/bin/../lib/gcc/arm-none-eabi/9.3.1/../../../../arm-none-eabi/lib/thumb/v6-m/nofp/libstdc++_nano.a(atexit_arm.o)
                0x000000000800c792                __aeabi_atexit
 .text._ZNK10__cxxabiv117__class_type_info11__do_upcastEPKS0_PPv
                0x000000000800c7a0       0x34 /opt/gcc-arm-none-eabi-9-2020-q2/bin/../lib/gcc/arm-none-eabi/9.3.1/../../../../arm-none-eabi/lib/thumb/v6-m/nofp/libstdc++_nano.a(class_type_info.o)
                0x000000000800c7a0                __cxxabiv1::__class_type_info::__do_upcast(__cxxabiv1::__class_type_info const*, void**) const
 .text._ZNK10__cxxabiv117__class_type_info20__do_find_public_srcEiPKvPKS0_S2_
                0x000000000800c7d4        0xc /opt/gcc-arm-none-eabi-9-2020-q2/bin/../lib/gcc/arm-none-eabi/9.3.1/../../../../arm-none-eabi/lib/thumb/v6-m/nofp/libstdc++_nano.a(class_type_info.o)
                0x000000000800c7d4                __cxxabiv1::__class_type_info::__do_find_public_src(int, void const*, __cxxabiv1::__class_type_info const*, void const*) const
 .text._ZN10__cxxabiv117__class_type_infoD2Ev
                0x000000000800c7e0       0x18 /opt/gcc-arm-none-eabi-9-2020-q2/bin/../lib/gcc/arm-none-eabi/9.3.1/../../../../arm-none-eabi/lib/thumb/v6-m/nofp/libstdc++_nano.a(class_type_info.o)
                0x000000000800c7e0                __cxxabiv1::__class_type_info::~__class_type_info()
                0x000000000800c7e0                __cxxabiv1::__class_type_info::~__class_type_info()
 .text._ZN10__cxxabiv117__class_type_infoD0Ev
                0x000000000800c7f8       0x14 /opt/gcc-arm-none-eabi-9-2020-q2/bin/../lib/gcc/arm-none-eabi/9.3.1/../../../../arm-none-eabi/lib/thumb/v6-m/nofp/libstdc++_nano.a(class_type_info.o)
                0x000000000800c7f8                __cxxabiv1::__class_type_info::~__class_type_info()
 .text._ZNK10__cxxabiv117__class_type_info12__do_dyncastEiNS0_10__sub_kindEPKS0_PKvS3_S5_RNS0_16__dyncast_resultE
                0x000000000800c80c       0x3a /opt/gcc-arm-none-eabi-9-2020-q2/bin/../lib/gcc/arm-none-eabi/9.3.1/../../../../arm-none-eabi/lib/thumb/v6-m/nofp/libstdc++_nano.a(class_type_info.o)
                0x000000000800c80c                __cxxabiv1::__class_type_info::__do_dyncast(int, __cxxabiv1::__class_type_info::__sub_kind, __cxxabiv1::__class_type_info const*, void const*, __cxxabiv1::__class_type_info const*, void const*, __cxxabiv1::__class_type_info::__dyncast_result&) const
 .text._ZNK10__cxxabiv117__class_type_info11__do_upcastEPKS0_PKvRNS0_15__upcast_resultE
                0x000000000800c846       0x1a /opt/gcc-arm-none-eabi-9-2020-q2/bin/../lib/gcc/arm-none-eabi/9.3.1/../../../../arm-none-eabi/lib/thumb/v6-m/nofp/libstdc++_nano.a(class_type_info.o)
                0x000000000800c846                __cxxabiv1::__class_type_info::__do_upcast(__cxxabiv1::__class_type_info const*, void const*, __cxxabiv1::__class_type_info::__upcast_result&) const
 .text._ZNK10__cxxabiv117__class_type_info10__do_catchEPKSt9type_infoPPvj
                0x000000000800c860       0x24 /opt/gcc-arm-none-eabi-9-2020-q2/bin/../lib/gcc/arm-none-eabi/9.3.1/../../../../arm-none-eabi/lib/thumb/v6-m/nofp/libstdc++_nano.a(class_type_info.o)
                0x000000000800c860                __cxxabiv1::__class_type_info::__do_catch(std::type_info const*, void**, unsigned int) const
 .text._ZdlPv   0x000000000800c884        0x8 /opt/gcc-arm-none-eabi-9-2020-q2/bin/../lib/gcc/arm-none-eabi/9.3.1/../../../../arm-none-eabi/lib/thumb/v6-m/nofp/libstdc++_nano.a(del_op.o)
                0x000000000800c884                operator delete(void*)
 .text._ZdlPvj  0x000000000800c88c        0x8 /opt/gcc-arm-none-eabi-9-2020-q2/bin/../lib/gcc/arm-none-eabi/9.3.1/../../../../arm-none-eabi/lib/thumb/v6-m/nofp/libstdc++_nano.a(del_ops.o)
                0x000000000800c88c                operator delete(void*, unsigned int)
 .text._Znwj    0x000000000800c894       0x24 /opt/gcc-arm-none-eabi-9-2020-q2/bin/../lib/gcc/arm-none-eabi/9.3.1/../../../../arm-none-eabi/lib/thumb/v6-m/nofp/libstdc++_nano.a(new_op.o)
                0x000000000800c894                operator new(unsigned int)
 .text.__cxa_pure_virtual
                0x000000000800c8b8        0x6 /opt/gcc-arm-none-eabi-9-2020-q2/bin/../lib/gcc/arm-none-eabi/9.3.1/../../../../arm-none-eabi/lib/thumb/v6-m/nofp/libstdc++_nano.a(pure.o)
                0x000000000800c8b8                __cxa_pure_virtual
 *fill*         0x000000000800c8be        0x2 
 .text._ZN10__cxxabiv120__si_class_type_infoD2Ev
                0x000000000800c8c0       0x18 /opt/gcc-arm-none-eabi-9-2020-q2/bin/../lib/gcc/arm-none-eabi/9.3.1/../../../../arm-none-eabi/lib/thumb/v6-m/nofp/libstdc++_nano.a(si_class_type_info.o)
                0x000000000800c8c0                __cxxabiv1::__si_class_type_info::~__si_class_type_info()
                0x000000000800c8c0                __cxxabiv1::__si_class_type_info::~__si_class_type_info()
 .text._ZN10__cxxabiv120__si_class_type_infoD0Ev
                0x000000000800c8d8       0x14 /opt/gcc-arm-none-eabi-9-2020-q2/bin/../lib/gcc/arm-none-eabi/9.3.1/../../../../arm-none-eabi/lib/thumb/v6-m/nofp/libstdc++_nano.a(si_class_type_info.o)
                0x000000000800c8d8                __cxxabiv1::__si_class_type_info::~__si_class_type_info()
 .text._ZNK10__cxxabiv120__si_class_type_info20__do_find_public_srcEiPKvPKNS_17__class_type_infoES2_